C:/Users/DANIL/STM32CubeIDE/workspace_2.1.0/tstm32h55_main/Middlewares/Third_Party/LwIP/src/netif/bridgeif_fdb.c:153:1:bridgeif_fdb_age_one_second	4	static
C:/Users/DANIL/STM32CubeIDE/workspace_2.1.0/tstm32h55_main/Middlewares/Third_Party/LwIP/src/netif/bridgeif_fdb.c:180:1:bridgeif_age_tmr	8	static
C:/Users/DANIL/STM32CubeIDE/workspace_2.1.0/tstm32h55_main/Middlewares/Third_Party/LwIP/src/netif/bridgeif_fdb.c:76:1:bridgeif_fdb_update_src	32	static
C:/Users/DANIL/STM32CubeIDE/workspace_2.1.0/tstm32h55_main/Middlewares/Third_Party/LwIP/src/netif/bridgeif_fdb.c:128:1:bridgeif_fdb_get_dst_ports	24	static
C:/Users/DANIL/STM32CubeIDE/workspace_2.1.0/tstm32h55_main/Middlewares/Third_Party/LwIP/src/netif/bridgeif_fdb.c:195:1:bridgeif_fdb_init	16	static
