C:/Users/DANIL/STM32CubeIDE/workspace_2.1.0/tstm32h55_main/Middlewares/Third_Party/LwIP/src/core/ipv4/icmp.c:340:1:icmp_send_response	48	static
C:/Users/DANIL/STM32CubeIDE/workspace_2.1.0/tstm32h55_main/Middlewares/Third_Party/LwIP/src/core/ipv4/icmp.c:80:1:icmp_input	40	static
C:/Users/DANIL/STM32CubeIDE/workspace_2.1.0/tstm32h55_main/Middlewares/Third_Party/LwIP/src/core/ipv4/icmp.c:308:1:icmp_dest_unreach	8	static
C:/Users/DANIL/STM32CubeIDE/workspace_2.1.0/tstm32h55_main/Middlewares/Third_Party/LwIP/src/core/ipv4/icmp.c:323:1:icmp_time_exceeded	8	static
