C:/Users/DANIL/STM32CubeIDE/workspace_2.1.0/tstm32h55_main/Middlewares/Third_Party/LwIP/src/core/ipv4/ip4.c:374:1:ip4_input_accept	8	static
C:/Users/DANIL/STM32CubeIDE/workspace_2.1.0/tstm32h55_main/Middlewares/Third_Party/LwIP/src/core/ipv4/ip4.c:152:1:ip4_route	4	static
C:/Users/DANIL/STM32CubeIDE/workspace_2.1.0/tstm32h55_main/Middlewares/Third_Party/LwIP/src/core/ipv4/ip4.c:426:1:ip4_input	24	static
C:/Users/DANIL/STM32CubeIDE/workspace_2.1.0/tstm32h55_main/Middlewares/Third_Party/LwIP/src/core/ipv4/ip4.c:827:1:ip4_output_if_src	40	static
C:/Users/DANIL/STM32CubeIDE/workspace_2.1.0/tstm32h55_main/Middlewares/Third_Party/LwIP/src/core/ipv4/ip4.c:787:1:ip4_output_if	24	static
C:/Users/DANIL/STM32CubeIDE/workspace_2.1.0/tstm32h55_main/Middlewares/Third_Party/LwIP/src/core/ipv4/ip4.c:1028:1:ip4_output	40	static
