Archive member included to satisfy reference by file (symbol)

C:\Users\DANIL\STM32CubeIDE\workspace_2.1.0\tstm32h55_main\CM4\codec2\src\libcodec2_datamodem.a(freedv_api.o)
                              ./Core/Src/main.o (freedv_open)
C:\Users\DANIL\STM32CubeIDE\workspace_2.1.0\tstm32h55_main\CM4\codec2\src\libcodec2_datamodem.a(ofdm.o)
                              C:\Users\DANIL\STM32CubeIDE\workspace_2.1.0\tstm32h55_main\CM4\codec2\src\libcodec2_datamodem.a(freedv_api.o) (ofdm_destroy)
C:\Users\DANIL\STM32CubeIDE\workspace_2.1.0\tstm32h55_main\CM4\codec2\src\libcodec2_datamodem.a(filter.o)
                              C:\Users\DANIL\STM32CubeIDE\workspace_2.1.0\tstm32h55_main\CM4\codec2\src\libcodec2_datamodem.a(ofdm.o) (quisk_filt_cfInit)
C:\Users\DANIL\STM32CubeIDE\workspace_2.1.0\tstm32h55_main\CM4\codec2\src\libcodec2_datamodem.a(freedv_700.o)
                              C:\Users\DANIL\STM32CubeIDE\workspace_2.1.0\tstm32h55_main\CM4\codec2\src\libcodec2_datamodem.a(freedv_api.o) (freedv_ofdm_data_open)
C:\Users\DANIL\STM32CubeIDE\workspace_2.1.0\tstm32h55_main\CM4\codec2\src\libcodec2_datamodem.a(codec2_fifo.o)
                              ./Core/Src/main.o (codec2_fifo_create)
C:\Users\DANIL\STM32CubeIDE\workspace_2.1.0\tstm32h55_main\CM4\codec2\src\libcodec2_datamodem.a(varicode.o)
                              C:\Users\DANIL\STM32CubeIDE\workspace_2.1.0\tstm32h55_main\CM4\codec2\src\libcodec2_datamodem.a(freedv_700.o) (varicode_encode)
C:\Users\DANIL\STM32CubeIDE\workspace_2.1.0\tstm32h55_main\CM4\codec2\src\libcodec2_datamodem.a(ldpc_codes.o)
                              C:\Users\DANIL\STM32CubeIDE\workspace_2.1.0\tstm32h55_main\CM4\codec2\src\libcodec2_datamodem.a(freedv_700.o) (ldpc_codes_setup)
C:\Users\DANIL\STM32CubeIDE\workspace_2.1.0\tstm32h55_main\CM4\codec2\src\libcodec2_datamodem.a(freedv_fsk.o)
                              C:\Users\DANIL\STM32CubeIDE\workspace_2.1.0\tstm32h55_main\CM4\codec2\src\libcodec2_datamodem.a(freedv_api.o) (freedv_tx_fsk_ldpc_data_preamble)
C:\Users\DANIL\STM32CubeIDE\workspace_2.1.0\tstm32h55_main\CM4\codec2\src\libcodec2_datamodem.a(fsk.o)
                              C:\Users\DANIL\STM32CubeIDE\workspace_2.1.0\tstm32h55_main\CM4\codec2\src\libcodec2_datamodem.a(freedv_fsk.o) (fsk_create_hbr)
C:\Users\DANIL\STM32CubeIDE\workspace_2.1.0\tstm32h55_main\CM4\codec2\src\libcodec2_datamodem.a(fmfsk.o)
                              C:\Users\DANIL\STM32CubeIDE\workspace_2.1.0\tstm32h55_main\CM4\codec2\src\libcodec2_datamodem.a(freedv_fsk.o) (fmfsk_create)
C:\Users\DANIL\STM32CubeIDE\workspace_2.1.0\tstm32h55_main\CM4\codec2\src\libcodec2_datamodem.a(freedv_vhf_framing.o)
                              C:\Users\DANIL\STM32CubeIDE\workspace_2.1.0\tstm32h55_main\CM4\codec2\src\libcodec2_datamodem.a(freedv_fsk.o) (fvhff_frame_data_bits)
C:\Users\DANIL\STM32CubeIDE\workspace_2.1.0\tstm32h55_main\CM4\codec2\src\libcodec2_datamodem.a(ofdm_mode.o)
                              C:\Users\DANIL\STM32CubeIDE\workspace_2.1.0\tstm32h55_main\CM4\codec2\src\libcodec2_datamodem.a(freedv_700.o) (ofdm_init_mode)
C:\Users\DANIL\STM32CubeIDE\workspace_2.1.0\tstm32h55_main\CM4\codec2\src\libcodec2_datamodem.a(mpdecode_core.o)
                              C:\Users\DANIL\STM32CubeIDE\workspace_2.1.0\tstm32h55_main\CM4\codec2\src\libcodec2_datamodem.a(freedv_fsk.o) (encode)
C:\Users\DANIL\STM32CubeIDE\workspace_2.1.0\tstm32h55_main\CM4\codec2\src\libcodec2_datamodem.a(phi0.o)
                              C:\Users\DANIL\STM32CubeIDE\workspace_2.1.0\tstm32h55_main\CM4\codec2\src\libcodec2_datamodem.a(mpdecode_core.o) (phi0)
C:\Users\DANIL\STM32CubeIDE\workspace_2.1.0\tstm32h55_main\CM4\codec2\src\libcodec2_datamodem.a(interldpc.o)
                              C:\Users\DANIL\STM32CubeIDE\workspace_2.1.0\tstm32h55_main\CM4\codec2\src\libcodec2_datamodem.a(ldpc_codes.o) (set_up_ldpc_constants)
C:\Users\DANIL\STM32CubeIDE\workspace_2.1.0\tstm32h55_main\CM4\codec2\src\libcodec2_datamodem.a(gp_interleaver.o)
                              C:\Users\DANIL\STM32CubeIDE\workspace_2.1.0\tstm32h55_main\CM4\codec2\src\libcodec2_datamodem.a(interldpc.o) (gp_interleave_comp)
C:\Users\DANIL\STM32CubeIDE\workspace_2.1.0\tstm32h55_main\CM4\codec2\src\libcodec2_datamodem.a(kiss_fft.o)
                              C:\Users\DANIL\STM32CubeIDE\workspace_2.1.0\tstm32h55_main\CM4\codec2\src\libcodec2_datamodem.a(fsk.o) (kiss_fft_alloc)
C:\Users\DANIL\STM32CubeIDE\workspace_2.1.0\tstm32h55_main\CM4\codec2\src\libcodec2_datamodem.a(freedv_data_channel.o)
                              C:\Users\DANIL\STM32CubeIDE\workspace_2.1.0\tstm32h55_main\CM4\codec2\src\libcodec2_datamodem.a(freedv_vhf_framing.o) (freedv_data_channel_destroy)
C:\Users\DANIL\STM32CubeIDE\workspace_2.1.0\tstm32h55_main\CM4\codec2\src\libcodec2_datamodem.a(H_1024_2048_4f.o)
                              C:\Users\DANIL\STM32CubeIDE\workspace_2.1.0\tstm32h55_main\CM4\codec2\src\libcodec2_datamodem.a(ldpc_codes.o) (H_1024_2048_4f_H_cols)
[...]
Memory Configuration

Name             Origin             Length             Attributes
FLASH            0x08100000         0x00100000         xr
RAM              0x10000000         0x00048000         xrw
RAM_SHARED       0x38000000         0x00008000         xrw
*default*        0x00000000         0xffffffff

Linker script and memory map

LOAD C:/ST/STM32CubeIDE_1.15.0/STM32CubeIDE/plugins/com.st.stm32cube.ide.mcu.externaltools.gnu-tools-for-stm32.14.3.rel1.win32_1.0.100.202602081740/tools/bin/../lib/gcc/arm-none-eabi/14.3.1/thumb/v7e-m+fp/hard/crti.o
LOAD C:/ST/STM32CubeIDE_1.15.0/STM32CubeIDE/plugins/com.st.stm32cube.ide.mcu.externaltools.gnu-tools-for-stm32.14.3.rel1.win32_1.0.100.202602081740/tools/bin/../lib/gcc/arm-none-eabi/14.3.1/thumb/v7e-m+fp/hard/crtbegin.o
LOAD C:/ST/STM32CubeIDE_1.15.0/STM32CubeIDE/plugins/com.st.stm32cube.ide.mcu.externaltools.gnu-tools-for-stm32.14.3.rel1.win32_1.0.100.202602081740/tools/bin/../lib/gcc/arm-none-eabi/14.3.1/../../../../arm-none-eabi/lib/thumb/v7e-m+fp/hard/crt0.o
LOAD ./Common/Src/system_stm32h7xx_dualcore_boot_cm4_cm7.o
LOAD ./Core/Src/ipc_m4.o
LOAD ./Core/Src/main.o
LOAD ./Core/Src/stm32h7xx_hal_msp.o
LOAD ./Core/Src/stm32h7xx_it.o
LOAD ./Core/Src/syscalls.o
LOAD ./Core/Src/sysmem.o
LOAD ./Core/Startup/startup_stm32h755zitx.o
LOAD ./Drivers/STM32H7xx_HAL_Driver/stm32h7xx_hal.o
LOAD ./Drivers/STM32H7xx_HAL_Driver/stm32h7xx_hal_adc.o
LOAD ./Drivers/STM32H7xx_HAL_Driver/stm32h7xx_hal_adc_ex.o
LOAD ./Drivers/STM32H7xx_HAL_Driver/stm32h7xx_hal_cortex.o
LOAD ./Drivers/STM32H7xx_HAL_Driver/stm32h7xx_hal_dac.o
LOAD ./Drivers/STM32H7xx_HAL_Driver/stm32h7xx_hal_dac_ex.o
LOAD ./Drivers/STM32H7xx_HAL_Driver/stm32h7xx_hal_dma.o
LOAD ./Drivers/STM32H7xx_HAL_Driver/stm32h7xx_hal_dma_ex.o
LOAD ./Drivers/STM32H7xx_HAL_Driver/stm32h7xx_hal_eth.o
LOAD ./Drivers/STM32H7xx_HAL_Driver/stm32h7xx_hal_eth_ex.o
LOAD ./Drivers/STM32H7xx_HAL_Driver/stm32h7xx_hal_exti.o
LOAD ./Drivers/STM32H7xx_HAL_Driver/stm32h7xx_hal_flash.o
LOAD ./Drivers/STM32H7xx_HAL_Driver/stm32h7xx_hal_flash_ex.o
LOAD ./Drivers/STM32H7xx_HAL_Driver/stm32h7xx_hal_gpio.o
LOAD ./Drivers/STM32H7xx_HAL_Driver/stm32h7xx_hal_hsem.o
LOAD ./Drivers/STM32H7xx_HAL_Driver/stm32h7xx_hal_i2c.o
LOAD ./Drivers/STM32H7xx_HAL_Driver/stm32h7xx_hal_i2c_ex.o
LOAD ./Drivers/STM32H7xx_HAL_Driver/stm32h7xx_hal_mdma.o
LOAD ./Drivers/STM32H7xx_HAL_Driver/stm32h7xx_hal_pwr.o
LOAD ./Drivers/STM32H7xx_HAL_Driver/stm32h7xx_hal_pwr_ex.o
LOAD ./Drivers/STM32H7xx_HAL_Driver/stm32h7xx_hal_rcc.o
LOAD ./Drivers/STM32H7xx_HAL_Driver/stm32h7xx_hal_rcc_ex.o
LOAD ./Drivers/STM32H7xx_HAL_Driver/stm32h7xx_hal_tim.o
LOAD ./Drivers/STM32H7xx_HAL_Driver/stm32h7xx_hal_tim_ex.o
LOAD C:\Users\DANIL\STM32CubeIDE\workspace_2.1.0\tstm32h55_main\CM4\codec2\src\libcodec2_datamodem.a
START GROUP
LOAD C:/ST/STM32CubeIDE_1.15.0/STM32CubeIDE/plugins/com.st.stm32cube.ide.mcu.externaltools.gnu-tools-for-stm32.14.3.rel1.win32_1.0.100.202602081740/tools/bin/../lib/gcc/arm-none-eabi/14.3.1/../../../../arm-none-eabi/lib/thumb/v7e-m+fp/hard\libc_nano.a
LOAD C:/ST/STM32CubeIDE_1.15.0/STM32CubeIDE/plugins/com.st.stm32cube.ide.mcu.externaltools.gnu-tools-for-stm32.14.3.rel1.win32_1.0.100.202602081740/tools/bin/../lib/gcc/arm-none-eabi/14.3.1/../../../../arm-none-eabi/lib/thumb/v7e-m+fp/hard\libm.a
END GROUP
START GROUP
LOAD C:/ST/STM32CubeIDE_1.15.0/STM32CubeIDE/plugins/com.st.stm32cube.ide.mcu.externaltools.gnu-tools-for-stm32.14.3.rel1.win32_1.0.100.202602081740/tools/bin/../lib/gcc/arm-none-eabi/14.3.1/thumb/v7e-m+fp/hard\libgcc.a
LOAD C:/ST/STM32CubeIDE_1.15.0/STM32CubeIDE/plugins/com.st.stm32cube.ide.mcu.externaltools.gnu-tools-for-stm32.14.3.rel1.win32_1.0.100.202602081740/tools/bin/../lib/gcc/arm-none-eabi/14.3.1/../../../../arm-none-eabi/lib/thumb/v7e-m+fp/hard\libc_nano.a
END GROUP
START GROUP
LOAD C:/ST/STM32CubeIDE_1.15.0/STM32CubeIDE/plugins/com.st.stm32cube.ide.mcu.externaltools.gnu-tools-for-stm32.14.3.rel1.win32_1.0.100.202602081740/tools/bin/../lib/gcc/arm-none-eabi/14.3.1/thumb/v7e-m+fp/hard\libgcc.a
LOAD C:/ST/STM32CubeIDE_1.15.0/STM32CubeIDE/plugins/com.st.stm32cube.ide.mcu.externaltools.gnu-tools-for-stm32.14.3.rel1.win32_1.0.100.202602081740/tools/bin/../lib/gcc/arm-none-eabi/14.3.1/../../../../arm-none-eabi/lib/thumb/v7e-m+fp/hard\libc_nano.a
LOAD C:/ST/STM32CubeIDE_1.15.0/STM32CubeIDE/plugins/com.st.stm32cube.ide.mcu.externaltools.gnu-tools-for-stm32.14.3.rel1.win32_1.0.100.202602081740/tools/bin/../lib/gcc/arm-none-eabi/14.3.1/../../../../arm-none-eabi/lib/thumb/v7e-m+fp/hard\libnosys.a
END GROUP
START GROUP
LOAD C:/ST/STM32CubeIDE_1.15.0/STM32CubeIDE/plugins/com.st.stm32cube.ide.mcu.externaltools.gnu-tools-for-stm32.14.3.rel1.win32_1.0.100.202602081740/tools/bin/../lib/gcc/arm-none-eabi/14.3.1/thumb/v7e-m+fp/hard\libgcc.a
LOAD C:/ST/STM32CubeIDE_1.15.0/STM32CubeIDE/plugins/com.st.stm32cube.ide.mcu.externaltools.gnu-tools-for-stm32.14.3.rel1.win32_1.0.100.202602081740/tools/bin/../lib/gcc/arm-none-eabi/14.3.1/../../../../arm-none-eabi/lib/thumb/v7e-m+fp/hard\libc_nano.a
LOAD C:/ST/STM32CubeIDE_1.15.0/STM32CubeIDE/plugins/com.st.stm32cube.ide.mcu.externaltools.gnu-tools-for-stm32.14.3.rel1.win32_1.0.100.202602081740/tools/bin/../lib/gcc/arm-none-eabi/14.3.1/../../../../arm-none-eabi/lib/thumb/v7e-m+fp/hard\libnosys.a
END GROUP
LOAD C:/ST/STM32CubeIDE_1.15.0/STM32CubeIDE/plugins/com.st.stm32cube.ide.mcu.externaltools.gnu-tools-for-stm32.14.3.rel1.win32_1.0.100.202602081740/tools/bin/../lib/gcc/arm-none-eabi/14.3.1/thumb/v7e-m+fp/hard/crtend.o
LOAD C:/ST/STM32CubeIDE_1.15.0/STM32CubeIDE/plugins/com.st.stm32cube.ide.mcu.externaltools.gnu-tools-for-stm32.14.3.rel1.win32_1.0.100.202602081740/tools/bin/../lib/gcc/arm-none-eabi/14.3.1/thumb/v7e-m+fp/hard/crtn.o
                0x10048000                        _estack = (ORIGIN (RAM) + LENGTH (RAM))
                0x00030000                        _Min_Heap_Size = 0x30000
                0x00000400                        _Min_Stack_Size = 0x400

.isr_vector     0x08100000      0x298
                0x08100000                        . = ALIGN (0x4)
 *(.isr_vector)
 .isr_vector    0x08100000      0x298 ./Core/Startup/startup_stm32h755zitx.o
                0x08100000                g_pfnVectors
                0x08100298                        . = ALIGN (0x4)

.text           0x081002a0     0xcfc4
                0x081002a0                        . = ALIGN (0x4)
 *(.text)
 .text          0x081002a0       0x40 C:/ST/STM32CubeIDE_1.15.0/STM32CubeIDE/plugins/com.st.stm32cube.ide.mcu.externaltools.gnu-tools-for-stm32.14.3.rel1.win32_1.0.100.202602081740/tools/bin/../lib/gcc/arm-none-eabi/14.3.1/thumb/v7e-m+fp/hard/crtbegin.o
 .text          0x081002e0       0x14 C:/ST/STM32CubeIDE_1.15.0/STM32CubeIDE/plugins/com.st.stm32cube.ide.mcu.externaltools.gnu-tools-for-stm32.14.3.rel1.win32_1.0.100.202602081740/tools/bin/../lib/gcc/arm-none-eabi/14.3.1/../../../../arm-none-eabi/lib/thumb/v7e-m+fp/hard\libc_nano.a(libc_a-strcmp.o)
                0x081002e0                strcmp
 *fill*         0x081002f4        0xc 
 .text          0x08100300       0xa0 C:/ST/STM32CubeIDE_1.15.0/STM32CubeIDE/plugins/com.st.stm32cube.ide.mcu.externaltools.gnu-tools-for-stm32.14.3.rel1.win32_1.0.100.202602081740/tools/bin/../lib/gcc/arm-none-eabi/14.3.1/../../../../arm-none-eabi/lib/thumb/v7e-m+fp/hard\libc_nano.a(libc_a-memchr.o)
                0x08100300                memchr
 .text          0x081003a0       0x10 C:/ST/STM32CubeIDE_1.15.0/STM32CubeIDE/plugins/com.st.stm32cube.ide.mcu.externaltools.gnu-tools-for-stm32.14.3.rel1.win32_1.0.100.202602081740/tools/bin/../lib/gcc/arm-none-eabi/14.3.1/../../../../arm-none-eabi/lib/thumb/v7e-m+fp/hard\libc_nano.a(libc_a-strlen.o)
                0x081003a0                strlen
 .text          0x081003b0      0x378 C:/ST/STM32CubeIDE_1.15.0/STM32CubeIDE/plugins/com.st.stm32cube.ide.mcu.externaltools.gnu-tools-for-stm32.14.3.rel1.win32_1.0.100.202602081740/tools/bin/../lib/gcc/arm-none-eabi/14.3.1/thumb/v7e-m+fp/hard\libgcc.a(_arm_addsubdf3.o)
                0x081003b0                __aeabi_drsub
                0x081003b8                __aeabi_dsub
                0x081003b8                __subdf3
                0x081003bc                __aeabi_dadd
                0x081003bc                __adddf3
                0x08100634                __floatunsidf
                0x08100634                __aeabi_ui2d
                0x08100654                __floatsidf
                0x08100654                __aeabi_i2d
                0x08100678                __aeabi_f2d
                0x08100678                __extendsfdf2
                0x081006bc                __floatundidf
                0x081006bc                __aeabi_ul2d
                0x081006cc                __floatdidf
                0x081006cc                __aeabi_l2d
 .text          0x08100728      0x424 C:/ST/STM32CubeIDE_1.15.0/STM32CubeIDE/plugins/com.st.stm32cube.ide.mcu.externaltools.gnu-tools-for-stm32.14.3.rel1.win32_1.0.100.202602081740/tools/bin/../lib/gcc/arm-none-eabi/14.3.1/thumb/v7e-m+fp/hard\libgcc.a(_arm_muldivdf3.o)
                0x08100728                __aeabi_dmul
                0x08100728                __muldf3
                0x0810097c                __divdf3
                0x0810097c                __aeabi_ddiv
 .text          0x08100b4c      0x110 C:/ST/STM32CubeIDE_1.15.0/STM32CubeIDE/plugins/com.st.stm32cube.ide.mcu.externaltools.gnu-tools-for-stm32.14.3.rel1.win32_1.0.100.202602081740/tools/bin/../lib/gcc/arm-none-eabi/14.3.1/thumb/v7e-m+fp/hard\libgcc.a(_arm_cmpdf2.o)
                0x08100b4c                __gtdf2
                0x08100b4c                __gedf2
                0x08100b54                __ltdf2
                0x08100b54                __ledf2
                0x08100b5c                __nedf2
                0x08100b5c                __eqdf2
                0x08100b5c                __cmpdf2
                0x08100bd8                __aeabi_cdrcmple
                0x08100be8                __aeabi_cdcmpeq
                0x08100be8                __aeabi_cdcmple
                0x08100bf8                __aeabi_dcmpeq
                0x08100c0c                __aeabi_dcmplt
                0x08100c20                __aeabi_dcmple
                0x08100c34                __aeabi_dcmpge
                0x08100c48                __aeabi_dcmpgt
 .text          0x08100c5c       0x2c C:/ST/STM32CubeIDE_1.15.0/STM32CubeIDE/plugins/com.st.stm32cube.ide.mcu.externaltools.gnu-tools-for-stm32.14.3.rel1.win32_1.0.100.202602081740/tools/bin/../lib/gcc/arm-none-eabi/14.3.1/thumb/v7e-m+fp/hard\libgcc.a(_arm_unorddf2.o)
                0x08100c5c                __unorddf2
                0x08100c5c                __aeabi_dcmpun
 .text          0x08100c88       0x50 C:/ST/STM32CubeIDE_1.15.0/STM32CubeIDE/plugins/com.st.stm32cube.ide.mcu.externaltools.gnu-tools-for-stm32.14.3.rel1.win32_1.0.100.202602081740/tools/bin/../lib/gcc/arm-none-eabi/14.3.1/thumb/v7e-m+fp/hard\libgcc.a(_arm_fixdfsi.o)
                0x08100c88                __aeabi_d2iz
                0x08100c88                __fixdfsi
 .text          0x08100cd8      0x2ec C:/ST/STM32CubeIDE_1.15.0/STM32CubeIDE/plugins/com.st.stm32cube.ide.mcu.externaltools.gnu-tools-for-stm32.14.3.rel1.win32_1.0.100.202602081740/tools/bin/../lib/gcc/arm-none-eabi/14.3.1/thumb/v7e-m+fp/hard\libgcc.a(_mulsc3.o)
                0x08100cd8                __mulsc3
 *(.text*)
 .text.SystemInit
                0x08100fc4       0x1c ./Common/Src/system_stm32h7xx_dualcore_boot_cm4_cm7.o
                0x08100fc4                SystemInit
 .text.ExitRun0Mode
                0x08100fe0       0x1c ./Common/Src/system_stm32h7xx_dualcore_boot_cm4_cm7.o
                0x08100fe0                ExitRun0Mode
 .text.HSEM2_IRQHandler
                0x08100ffc        0x8 ./Core/Src/ipc_m4.o
                0x08100ffc                HSEM2_IRQHandler
 .text.HAL_HSEM_FreeCallback
                0x08101004       0x60 ./Core/Src/ipc_m4.o
                0x08101004                HAL_HSEM_FreeCallback
 .text.MX_GPIO_Init
                0x08101064       0x3c ./Core/Src/main.o
 .text.push_adc
                0x081010a0       0x34 ./Core/Src/main.o
 .text.build_tx_burst
                0x081010d4      0x114 ./Core/Src/main.o
 .text.HAL_ADC_ConvHalfCpltCallback
                0x081011e8       0x20 ./Core/Src/main.o
                0x081011e8                HAL_ADC_ConvHalfCpltCallback
 .text.HAL_ADC_ConvCpltCallback
                0x08101208       0x20 ./Core/Src/main.o
                0x08101208                HAL_ADC_ConvCpltCallback
 .text.loopback_selftest_run
                0x08101228      0x168 ./Core/Src/main.o
                0x08101228                loopback_selftest_run
 .text.__assert_func
                0x08101390       0x1c ./Core/Src/main.o
                0x08101390                __assert_func
 .text.main     0x081013ac       0x80 ./Core/Src/main.o
                0x081013ac                main
 .text.HAL_MspInit
                0x0810142c       0x24 ./Core/Src/stm32h7xx_hal_msp.o
                0x0810142c                HAL_MspInit
 .text.NMI_Handler
                0x08101450        0x2 ./Core/Src/stm32h7xx_it.o
                0x08101450                NMI_Handler
 .text.HardFault_Handler
                0x08101452        0x2 ./Core/Src/stm32h7xx_it.o
                0x08101452                HardFault_Handler
 .text.MemManage_Handler
                0x08101454        0x2 ./Core/Src/stm32h7xx_it.o
                0x08101454                MemManage_Handler
 .text.BusFault_Handler
                0x08101456        0x2 ./Core/Src/stm32h7xx_it.o
                0x08101456                BusFault_Handler
 .text.UsageFault_Handler
                0x08101458        0x2 ./Core/Src/stm32h7xx_it.o
                0x08101458                UsageFault_Handler
 .text.SVC_Handler
                0x0810145a        0x2 ./Core/Src/stm32h7xx_it.o
                0x0810145a                SVC_Handler
 .text.DebugMon_Handler
                0x0810145c        0x2 ./Core/Src/stm32h7xx_it.o
                0x0810145c                DebugMon_Handler
 .text.PendSV_Handler
                0x0810145e        0x2 ./Core/Src/stm32h7xx_it.o
                0x0810145e                PendSV_Handler
 .text.SysTick_Handler
                0x08101460        0x8 ./Core/Src/stm32h7xx_it.o
                0x08101460                SysTick_Handler
 .text.TIM6_DAC_IRQHandler
                0x08101468       0x18 ./Core/Src/stm32h7xx_it.o
                0x08101468                TIM6_DAC_IRQHandler
 .text.BDMA_Channel0_IRQHandler
                0x08101480       0x10 ./Core/Src/stm32h7xx_it.o
                0x08101480                BDMA_Channel0_IRQHandler
 .text._read    0x08101490       0x20 ./Core/Src/syscalls.o
                0x08101490                _read
 .text._write   0x081014b0       0x1c ./Core/Src/syscalls.o
                0x081014b0                _write
 .text._close   0x081014cc        0x6 ./Core/Src/syscalls.o
                0x081014cc                _close
 .text._fstat   0x081014d2        0xa ./Core/Src/syscalls.o
                0x081014d2                _fstat
 .text._isatty  0x081014dc        0x4 ./Core/Src/syscalls.o
                0x081014dc                _isatty
 .text._lseek   0x081014e0        0x4 ./Core/Src/syscalls.o
                0x081014e0                _lseek
 .text._sbrk    0x081014e4       0x48 ./Core/Src/sysmem.o
                0x081014e4                _sbrk
 .text.Reset_Handler
                0x0810152c       0x54 ./Core/Startup/startup_stm32h755zitx.o
                0x0810152c                Reset_Handler
 .text.Default_Handler
                0x08101580        0x2 ./Core/Startup/startup_stm32h755zitx.o
                0x08101580                RTC_Alarm_IRQHandler
                0x08101580                HASH_RNG_IRQHandler
                0x08101580                EXTI2_IRQHandler
                0x08101580                TIM8_CC_IRQHandler
                0x08101580                HRTIM1_Master_IRQHandler
                0x08101580                UART8_IRQHandler
                0x08101580                SPI4_IRQHandler
                0x08101580                TIM1_CC_IRQHandler
                0x08101580                BDMA_Channel6_IRQHandler
                0x08101580                DMA2_Stream5_IRQHandler
                0x08101580                HRTIM1_FLT_IRQHandler
                0x08101580                JPEG_IRQHandler
                0x08101580                DMA1_Stream5_IRQHandler
                0x08101580                BDMA_Channel1_IRQHandler
                0x08101580                HRTIM1_TIMD_IRQHandler
                0x08101580                TAMP_STAMP_IRQHandler
                0x08101580                EXTI3_IRQHandler
                0x08101580                LPTIM4_IRQHandler
                0x08101580                TIM8_TRG_COM_TIM14_IRQHandler
                0x08101580                LPTIM2_IRQHandler
                0x08101580                DFSDM1_FLT1_IRQHandler
                0x08101580                DMAMUX2_OVR_IRQHandler
                0x08101580                TIM8_UP_TIM13_IRQHandler
                0x08101580                I2C3_ER_IRQHandler
                0x08101580                DFSDM1_FLT2_IRQHandler
                0x08101580                MDMA_IRQHandler
                0x08101580                LPTIM3_IRQHandler
                0x08101580                HSEM1_IRQHandler
                0x08101580                EXTI0_IRQHandler
                0x08101580                I2C2_EV_IRQHandler
                0x08101580                DMA1_Stream2_IRQHandler
                0x08101580                FPU_IRQHandler
                0x08101580                OTG_HS_WKUP_IRQHandler
                0x08101580                FDCAN1_IT1_IRQHandler
                0x08101580                LTDC_ER_IRQHandler
                0x08101580                DMA2_Stream2_IRQHandler
                0x08101580                HRTIM1_TIME_IRQHandler
                0x08101580                SPI1_IRQHandler
                0x08101580                DCMI_IRQHandler
                0x08101580                HRTIM1_TIMC_IRQHandler
                0x08101580                DMA2_Stream3_IRQHandler
                0x08101580                SAI2_IRQHandler
                0x08101580                DFSDM1_FLT3_IRQHandler
                0x08101580                USART6_IRQHandler
                0x08101580                TIM17_IRQHandler
                0x08101580                USART3_IRQHandler
                0x08101580                BDMA_Channel7_IRQHandler
                0x08101580                CRYP_IRQHandler
                0x08101580                LPTIM5_IRQHandler
                0x08101580                UART5_IRQHandler
                0x08101580                ADC3_IRQHandler
                0x08101580                DMA2_Stream0_IRQHandler
                0x08101580                TIM4_IRQHandler
                0x08101580                BDMA_Channel2_IRQHandler
                0x08101580                QUADSPI_IRQHandler
                0x08101580                I2C1_EV_IRQHandler
                0x08101580                DMA1_Stream6_IRQHandler
                0x08101580                DMAMUX1_OVR_IRQHandler
                0x08101580                DMA1_Stream1_IRQHandler
                0x08101580                TIM16_IRQHandler
                0x08101580                UART4_IRQHandler
                0x08101580                BDMA_Channel5_IRQHandler
                0x08101580                TIM3_IRQHandler
                0x08101580                RCC_IRQHandler
                0x08101580                TIM8_BRK_TIM12_IRQHandler
                0x08101580                TIM1_TRG_COM_IRQHandler
                0x08101580                Default_Handler
                0x08101580                ECC_IRQHandler
                0x08101580                CEC_IRQHandler
                0x08101580                EXTI15_10_IRQHandler
                0x08101580                ADC_IRQHandler
                0x08101580                DMA1_Stream7_IRQHandler
                0x08101580                HRTIM1_TIMA_IRQHandler
                0x08101580                SPI5_IRQHandler
                0x08101580                TIM7_IRQHandler
                0x08101580                SDMMC1_IRQHandler
                0x08101580                TIM5_IRQHandler
                0x08101580                DMA2_Stream7_IRQHandler
                0x08101580                TIM15_IRQHandler
                0x08101580                PVD_AVD_IRQHandler
                0x08101580                I2C3_EV_IRQHandler
                0x08101580                EXTI9_5_IRQHandler
                0x08101580                RTC_WKUP_IRQHandler
                0x08101580                LTDC_IRQHandler
                0x08101580                SAI3_IRQHandler
                0x08101580                ETH_WKUP_IRQHandler
                0x08101580                SPDIF_RX_IRQHandler
                0x08101580                SPI2_IRQHandler
                0x08101580                OTG_HS_EP1_IN_IRQHandler
                0x08101580                DMA1_Stream0_IRQHandler
                0x08101580                CRS_IRQHandler
                0x08101580                CM7_SEV_IRQHandler
                0x08101580                EXTI4_IRQHandler
                0x08101580                CM4_SEV_IRQHandler
                0x08101580                HRTIM1_TIMB_IRQHandler
                0x08101580                FDCAN2_IT1_IRQHandler
                0x08101580                ETH_IRQHandler
                0x08101580                TIM1_UP_IRQHandler
                0x08101580                WWDG_RST_IRQHandler
                0x08101580                BDMA_Channel4_IRQHandler
                0x08101580                OTG_HS_EP1_OUT_IRQHandler
                0x08101580                WWDG_IRQHandler
                0x08101580                SPI6_IRQHandler
                0x08101580                MDIOS_IRQHandler
                0x08101580                I2C4_EV_IRQHandler
                0x08101580                FDCAN2_IT0_IRQHandler
                0x08101580                LPUART1_IRQHandler
                0x08101580                FDCAN1_IT0_IRQHandler
                0x08101580                TIM2_IRQHandler
                0x08101580                OTG_FS_WKUP_IRQHandler
                0x08101580                OTG_HS_IRQHandler
                0x08101580                DMA2D_IRQHandler
                0x08101580                TIM1_BRK_IRQHandler
                0x08101580                EXTI1_IRQHandler
                0x08101580                SDMMC2_IRQHandler
                0x08101580                OTG_FS_EP1_OUT_IRQHandler
                0x08101580                BDMA_Channel3_IRQHandler
                0x08101580                HOLD_CORE_IRQHandler
                0x08101580                UART7_IRQHandler
                0x08101580                MDIOS_WKUP_IRQHandler
                0x08101580                USART2_IRQHandler
                0x08101580                DFSDM1_FLT0_IRQHandler
                0x08101580                SAI4_IRQHandler
                0x08101580                I2C2_ER_IRQHandler
                0x08101580                DMA2_Stream1_IRQHandler
                0x08101580                FLASH_IRQHandler
                0x08101580                DMA2_Stream4_IRQHandler
                0x08101580                USART1_IRQHandler
                0x08101580                OTG_FS_IRQHandler
                0x08101580                SPI3_IRQHandler
                0x08101580                WAKEUP_PIN_IRQHandler
                0x08101580                DMA1_Stream4_IRQHandler
                0x08101580                OTG_FS_EP1_IN_IRQHandler
                0x08101580                I2C1_ER_IRQHandler
                0x08101580                FMC_IRQHandler
                0x08101580                FDCAN_CAL_IRQHandler
                0x08101580                SWPMI1_IRQHandler
                0x08101580                COMP1_IRQHandler
                0x08101580                LPTIM1_IRQHandler
                0x08101580                I2C4_ER_IRQHandler
                0x08101580                DMA2_Stream6_IRQHandler
                0x08101580                SAI1_IRQHandler
                0x08101580                DMA1_Stream3_IRQHandler
 *fill*         0x08101582        0x2 
 .text.HAL_InitTick
                0x08101584       0x50 ./Drivers/STM32H7xx_HAL_Driver/stm32h7xx_hal.o
                0x08101584                HAL_InitTick
 .text.HAL_Init
                0x081015d4       0x98 ./Drivers/STM32H7xx_HAL_Driver/stm32h7xx_hal.o
                0x081015d4                HAL_Init
 .text.HAL_IncTick
                0x0810166c       0x18 ./Drivers/STM32H7xx_HAL_Driver/stm32h7xx_hal.o
                0x0810166c                HAL_IncTick
 .text.HAL_GetTick
                0x08101684        0xc ./Drivers/STM32H7xx_HAL_Driver/stm32h7xx_hal.o
                0x08101684                HAL_GetTick
 .text.ADC_DMAHalfConvCplt
                0x08101690        0xa ./Drivers/STM32H7xx_HAL_Driver/stm32h7xx_hal_adc.o
                0x08101690                ADC_DMAHalfConvCplt
 .text.HAL_ADC_ErrorCallback
                0x0810169a        0x2 ./Drivers/STM32H7xx_HAL_Driver/stm32h7xx_hal_adc.o
                0x0810169a                HAL_ADC_ErrorCallback
 .text.ADC_DMAConvCplt
                0x0810169c       0x88 ./Drivers/STM32H7xx_HAL_Driver/stm32h7xx_hal_adc.o
                0x0810169c                ADC_DMAConvCplt
 .text.ADC_DMAError
                0x08101724       0x1a ./Drivers/STM32H7xx_HAL_Driver/stm32h7xx_hal_adc.o
                0x08101724                ADC_DMAError
 *fill*         0x0810173e        0x2 
 .text.ADC_Enable
                0x08101740       0xe0 ./Drivers/STM32H7xx_HAL_Driver/stm32h7xx_hal_adc.o
                0x08101740                ADC_Enable
 .text.HAL_ADC_Start_DMA
                0x08101820      0x12c ./Drivers/STM32H7xx_HAL_Driver/stm32h7xx_hal_adc.o
                0x08101820                HAL_ADC_Start_DMA
 .text.ADC_Disable
                0x0810194c       0x94 ./Drivers/STM32H7xx_HAL_Driver/stm32h7xx_hal_adc.o
                0x0810194c                ADC_Disable
 .text.HAL_ADCEx_Calibration_Start
                0x081019e0       0xa8 ./Drivers/STM32H7xx_HAL_Driver/stm32h7xx_hal_adc_ex.o
                0x081019e0                HAL_ADCEx_Calibration_Start
 .text.__NVIC_SetPriority
                0x08101a88       0x28 ./Drivers/STM32H7xx_HAL_Driver/stm32h7xx_hal_cortex.o
 .text.NVIC_EncodePriority
                0x08101ab0       0x3c ./Drivers/STM32H7xx_HAL_Driver/stm32h7xx_hal_cortex.o
 .text.HAL_NVIC_SetPriorityGrouping
                0x08101aec       0x24 ./Drivers/STM32H7xx_HAL_Driver/stm32h7xx_hal_cortex.o
                0x08101aec                HAL_NVIC_SetPriorityGrouping
 .text.HAL_NVIC_SetPriority
                0x08101b10       0x20 ./Drivers/STM32H7xx_HAL_Driver/stm32h7xx_hal_cortex.o
                0x08101b10                HAL_NVIC_SetPriority
 .text.HAL_SYSTICK_Config
                0x08101b30       0x28 ./Drivers/STM32H7xx_HAL_Driver/stm32h7xx_hal_cortex.o
                0x08101b30                HAL_SYSTICK_Config
 .text.HAL_GetCurrentCPUID
                0x08101b58       0x18 ./Drivers/STM32H7xx_HAL_Driver/stm32h7xx_hal_cortex.o
                0x08101b58                HAL_GetCurrentCPUID
 .text.HAL_DAC_Start_DMA
                0x08101b70       0xf0 ./Drivers/STM32H7xx_HAL_Driver/stm32h7xx_hal_dac.o
                0x08101b70                HAL_DAC_Start_DMA
 .text.HAL_DAC_ConvCpltCallbackCh1
                0x08101c60        0x2 ./Drivers/STM32H7xx_HAL_Driver/stm32h7xx_hal_dac.o
                0x08101c60                HAL_DAC_ConvCpltCallbackCh1
 .text.DAC_DMAConvCpltCh1
                0x08101c62       0x10 ./Drivers/STM32H7xx_HAL_Driver/stm32h7xx_hal_dac.o
                0x08101c62                DAC_DMAConvCpltCh1
 .text.HAL_DAC_ConvHalfCpltCallbackCh1
                0x08101c72        0x2 ./Drivers/STM32H7xx_HAL_Driver/stm32h7xx_hal_dac.o
                0x08101c72                HAL_DAC_ConvHalfCpltCallbackCh1
 .text.DAC_DMAHalfConvCpltCh1
                0x08101c74        0xa ./Drivers/STM32H7xx_HAL_Driver/stm32h7xx_hal_dac.o
                0x08101c74                DAC_DMAHalfConvCpltCh1
 .text.HAL_DAC_ErrorCallbackCh1
                0x08101c7e        0x2 ./Drivers/STM32H7xx_HAL_Driver/stm32h7xx_hal_dac.o
                0x08101c7e                HAL_DAC_ErrorCallbackCh1
 .text.DAC_DMAErrorCh1
                0x08101c80       0x18 ./Drivers/STM32H7xx_HAL_Driver/stm32h7xx_hal_dac.o
                0x08101c80                DAC_DMAErrorCh1
 .text.HAL_DAC_DMAUnderrunCallbackCh1
                0x08101c98        0x2 ./Drivers/STM32H7xx_HAL_Driver/stm32h7xx_hal_dac.o
                0x08101c98                HAL_DAC_DMAUnderrunCallbackCh1
 .text.HAL_DAC_IRQHandler
                0x08101c9a       0x6c ./Drivers/STM32H7xx_HAL_Driver/stm32h7xx_hal_dac.o
                0x08101c9a                HAL_DAC_IRQHandler
 .text.HAL_DACEx_ConvCpltCallbackCh2
                0x08101d06        0x2 ./Drivers/STM32H7xx_HAL_Driver/stm32h7xx_hal_dac_ex.o
                0x08101d06                HAL_DACEx_ConvCpltCallbackCh2
 .text.DAC_DMAConvCpltCh2
                0x08101d08       0x10 ./Drivers/STM32H7xx_HAL_Driver/stm32h7xx_hal_dac_ex.o
                0x08101d08                DAC_DMAConvCpltCh2
 .text.HAL_DACEx_ConvHalfCpltCallbackCh2
                0x08101d18        0x2 ./Drivers/STM32H7xx_HAL_Driver/stm32h7xx_hal_dac_ex.o
                0x08101d18                HAL_DACEx_ConvHalfCpltCallbackCh2
 .text.DAC_DMAHalfConvCpltCh2
                0x08101d1a        0xa ./Drivers/STM32H7xx_HAL_Driver/stm32h7xx_hal_dac_ex.o
                0x08101d1a                DAC_DMAHalfConvCpltCh2
 .text.HAL_DACEx_ErrorCallbackCh2
                0x08101d24        0x2 ./Drivers/STM32H7xx_HAL_Driver/stm32h7xx_hal_dac_ex.o
                0x08101d24                HAL_DACEx_ErrorCallbackCh2
 .text.DAC_DMAErrorCh2
                0x08101d26       0x18 ./Drivers/STM32H7xx_HAL_Driver/stm32h7xx_hal_dac_ex.o
                0x08101d26                DAC_DMAErrorCh2
 .text.HAL_DACEx_DMAUnderrunCallbackCh2
                0x08101d3e        0x2 ./Drivers/STM32H7xx_HAL_Driver/stm32h7xx_hal_dac_ex.o
                0x08101d3e                HAL_DACEx_DMAUnderrunCallbackCh2
 .text.DMA_SetConfig
                0x08101d40      0x1ac ./Drivers/STM32H7xx_HAL_Driver/stm32h7xx_hal_dma.o
 .text.HAL_DMA_Start_IT
                0x08101eec      0x290 ./Drivers/STM32H7xx_HAL_Driver/stm32h7xx_hal_dma.o
                0x08101eec                HAL_DMA_Start_IT
 .text.HAL_DMA_IRQHandler
                0x0810217c      0x71c ./Drivers/STM32H7xx_HAL_Driver/stm32h7xx_hal_dma.o
                0x0810217c                HAL_DMA_IRQHandler
 .text.HAL_GPIO_TogglePin
                0x08102898       0x12 ./Drivers/STM32H7xx_HAL_Driver/stm32h7xx_hal_gpio.o
                0x08102898                HAL_GPIO_TogglePin
 *fill*         0x081028aa        0x2 
 .text.HAL_HSEM_FastTake
                0x081028ac       0x20 ./Drivers/STM32H7xx_HAL_Driver/stm32h7xx_hal_hsem.o
                0x081028ac                HAL_HSEM_FastTake
 .text.HAL_HSEM_Release
                0x081028cc       0x10 ./Drivers/STM32H7xx_HAL_Driver/stm32h7xx_hal_hsem.o
                0x081028cc                HAL_HSEM_Release
 .text.HAL_HSEM_ActivateNotification
                0x081028dc       0x10 ./Drivers/STM32H7xx_HAL_Driver/stm32h7xx_hal_hsem.o
                0x081028dc                HAL_HSEM_ActivateNotification
 .text.HAL_HSEM_IRQHandler
                0x081028ec       0x1c ./Drivers/STM32H7xx_HAL_Driver/stm32h7xx_hal_hsem.o
                0x081028ec                HAL_HSEM_IRQHandler
 .text.HAL_PWREx_EnterSTOPMode
                0x08102908       0xb0 ./Drivers/STM32H7xx_HAL_Driver/stm32h7xx_hal_pwr_ex.o
                0x08102908                HAL_PWREx_EnterSTOPMode
 .text.HAL_PWREx_ClearPendingEvent
                0x081029b8       0x14 ./Drivers/STM32H7xx_HAL_Driver/stm32h7xx_hal_pwr_ex.o
                0x081029b8                HAL_PWREx_ClearPendingEvent
 .text.HAL_RCC_GetSysClockFreq
                0x081029cc      0x1f8 ./Drivers/STM32H7xx_HAL_Driver/stm32h7xx_hal_rcc.o
                0x081029cc                HAL_RCC_GetSysClockFreq
 .text.HAL_TIM_Base_Start
                0x08102bc4       0x88 ./Drivers/STM32H7xx_HAL_Driver/stm32h7xx_hal_tim.o
                0x08102bc4                HAL_TIM_Base_Start
 .text.HAL_TIM_PeriodElapsedCallback
                0x08102c4c        0x2 ./Drivers/STM32H7xx_HAL_Driver/stm32h7xx_hal_tim.o
                0x08102c4c                HAL_TIM_PeriodElapsedCallback
 .text.HAL_TIM_OC_DelayElapsedCallback
                0x08102c4e        0x2 ./Drivers/STM32H7xx_HAL_Driver/stm32h7xx_hal_tim.o
                0x08102c4e                HAL_TIM_OC_DelayElapsedCallback
 .text.HAL_TIM_IC_CaptureCallback
                0x08102c50        0x2 ./Drivers/STM32H7xx_HAL_Driver/stm32h7xx_hal_tim.o
                0x08102c50                HAL_TIM_IC_CaptureCallback
 .text.HAL_TIM_PWM_PulseFinishedCallback
                0x08102c52        0x2 ./Drivers/STM32H7xx_HAL_Driver/stm32h7xx_hal_tim.o
                0x08102c52                HAL_TIM_PWM_PulseFinishedCallback
 .text.HAL_TIM_TriggerCallback
                0x08102c54        0x2 ./Drivers/STM32H7xx_HAL_Driver/stm32h7xx_hal_tim.o
                0x08102c54                HAL_TIM_TriggerCallback
 .text.HAL_TIM_IRQHandler
                0x08102c56      0x17a ./Drivers/STM32H7xx_HAL_Driver/stm32h7xx_hal_tim.o
                0x08102c56                HAL_TIM_IRQHandler
 .text.HAL_TIMEx_CommutCallback
                0x08102dd0        0x2 ./Drivers/STM32H7xx_HAL_Driver/stm32h7xx_hal_tim_ex.o
                0x08102dd0                HAL_TIMEx_CommutCallback
 .text.HAL_TIMEx_BreakCallback
                0x08102dd2        0x2 ./Drivers/STM32H7xx_HAL_Driver/stm32h7xx_hal_tim_ex.o
                0x08102dd2                HAL_TIMEx_BreakCallback
 .text.HAL_TIMEx_Break2Callback
                0x08102dd4        0x2 ./Drivers/STM32H7xx_HAL_Driver/stm32h7xx_hal_tim_ex.o
                0x08102dd4                HAL_TIMEx_Break2Callback
 *fill*         0x08102dd6        0x2 
 .text.freedv_open_advanced
                0x08102dd8       0x38 C:\Users\DANIL\STM32CubeIDE\workspace_2.1.0\tstm32h55_main\CM4\codec2\src\libcodec2_datamodem.a(freedv_api.o)
                0x08102dd8                freedv_open_advanced
 .text.freedv_open
                0x08102e10        0xa C:\Users\DANIL\STM32CubeIDE\workspace_2.1.0\tstm32h55_main\CM4\codec2\src\libcodec2_datamodem.a(freedv_api.o)
                0x08102e10                freedv_open
 .text.freedv_pack
                0x08102e1a       0x3a C:\Users\DANIL\STM32CubeIDE\workspace_2.1.0\tstm32h55_main\CM4\codec2\src\libcodec2_datamodem.a(freedv_api.o)
                0x08102e1a                freedv_pack
 .text.freedv_unpack
                0x08102e54       0x24 C:\Users\DANIL\STM32CubeIDE\workspace_2.1.0\tstm32h55_main\CM4\codec2\src\libcodec2_datamodem.a(freedv_api.o)
                0x08102e54                freedv_unpack
 .text.freedv_rawdatacomptx
                0x08102e78       0x48 C:\Users\DANIL\STM32CubeIDE\workspace_2.1.0\tstm32h55_main\CM4\codec2\src\libcodec2_datamodem.a(freedv_api.o)
                0x08102e78                freedv_rawdatacomptx
 .text.freedv_rawdatatx
                0x08102ec0       0x60 C:\Users\DANIL\STM32CubeIDE\workspace_2.1.0\tstm32h55_main\CM4\codec2\src\libcodec2_datamodem.a(freedv_api.o)
                0x08102ec0                freedv_rawdatatx
 .text.freedv_rawdatapreamblecomptx
                0x08102f20       0x88 C:\Users\DANIL\STM32CubeIDE\workspace_2.1.0\tstm32h55_main\CM4\codec2\src\libcodec2_datamodem.a(freedv_api.o)
                0x08102f20                freedv_rawdatapreamblecomptx
 .text.freedv_rawdatapreambletx
                0x08102fa8       0x74 C:\Users\DANIL\STM32CubeIDE\workspace_2.1.0\tstm32h55_main\CM4\codec2\src\libcodec2_datamodem.a(freedv_api.o)
                0x08102fa8                freedv_rawdatapreambletx
 .text.freedv_rawdatapostamblecomptx
                0x0810301c       0x50 C:\Users\DANIL\STM32CubeIDE\workspace_2.1.0\tstm32h55_main\CM4\codec2\src\libcodec2_datamodem.a(freedv_api.o)
                0x0810301c                freedv_rawdatapostamblecomptx
 .text.freedv_rawdatapostambletx
                0x0810306c       0x74 C:\Users\DANIL\STM32CubeIDE\workspace_2.1.0\tstm32h55_main\CM4\codec2\src\libcodec2_datamodem.a(freedv_api.o)
                0x0810306c                freedv_rawdatapostambletx
 .text.freedv_nin
                0x081030e0        0xa C:\Users\DANIL\STM32CubeIDE\workspace_2.1.0\tstm32h55_main\CM4\codec2\src\libcodec2_datamodem.a(freedv_api.o)
                0x081030e0                freedv_nin
 *fill*         0x081030ea        0x2 
 .text.freedv_rawdatacomprx
                0x081030ec       0x64 C:\Users\DANIL\STM32CubeIDE\workspace_2.1.0\tstm32h55_main\CM4\codec2\src\libcodec2_datamodem.a(freedv_api.o)
                0x081030ec                freedv_rawdatacomprx
 .text.freedv_rawdatarx
                0x08103150       0x7c C:\Users\DANIL\STM32CubeIDE\workspace_2.1.0\tstm32h55_main\CM4\codec2\src\libcodec2_datamodem.a(freedv_api.o)
                0x08103150                freedv_rawdatarx
 .text.freedv_get_modem_stats
                0x081031cc       0x1a C:\Users\DANIL\STM32CubeIDE\workspace_2.1.0\tstm32h55_main\CM4\codec2\src\libcodec2_datamodem.a(freedv_api.o)
                0x081031cc                freedv_get_modem_stats
 .text.freedv_get_modem_sample_rate
                0x081031e6        0xa C:\Users\DANIL\STM32CubeIDE\workspace_2.1.0\tstm32h55_main\CM4\codec2\src\libcodec2_datamodem.a(freedv_api.o)
                0x081031e6                freedv_get_modem_sample_rate
 .text.freedv_get_n_max_modem_samples
                0x081031f0        0xa C:\Users\DANIL\STM32CubeIDE\workspace_2.1.0\tstm32h55_main\CM4\codec2\src\libcodec2_datamodem.a(freedv_api.o)
                0x081031f0                freedv_get_n_max_modem_samples
 .text.freedv_get_n_tx_modem_samples
                0x081031fa        0xa C:\Users\DANIL\STM32CubeIDE\workspace_2.1.0\tstm32h55_main\CM4\codec2\src\libcodec2_datamodem.a(freedv_api.o)
                0x081031fa                freedv_get_n_tx_modem_samples
 .text.freedv_get_bits_per_modem_frame
                0x08103204        0xa C:\Users\DANIL\STM32CubeIDE\workspace_2.1.0\tstm32h55_main\CM4\codec2\src\libcodec2_datamodem.a(freedv_api.o)
                0x08103204                freedv_get_bits_per_modem_frame
 .text.freedv_gen_crc16
                0x0810320e       0x2c C:\Users\DANIL\STM32CubeIDE\workspace_2.1.0\tstm32h55_main\CM4\codec2\src\libcodec2_datamodem.a(freedv_api.o)
                0x0810320e                freedv_gen_crc16
 *fill*         0x0810323a        0x2 
 .text.freedv_crc16_unpacked
                0x0810323c       0x4c C:\Users\DANIL\STM32CubeIDE\workspace_2.1.0\tstm32h55_main\CM4\codec2\src\libcodec2_datamodem.a(freedv_api.o)
                0x0810323c                freedv_crc16_unpacked
 .text.freedv_check_crc16_unpacked
                0x08103288       0x68 C:\Users\DANIL\STM32CubeIDE\workspace_2.1.0\tstm32h55_main\CM4\codec2\src\libcodec2_datamodem.a(freedv_api.o)
                0x08103288                freedv_check_crc16_unpacked
 .text.find_carrier_centre
                0x081032f0       0x54 C:\Users\DANIL\STM32CubeIDE\workspace_2.1.0\tstm32h55_main\CM4\codec2\src\libcodec2_datamodem.a(ofdm.o)
 .text.vector_sum
                0x08103344       0x44 C:\Users\DANIL\STM32CubeIDE\workspace_2.1.0\tstm32h55_main\CM4\codec2\src\libcodec2_datamodem.a(ofdm.o)
 .text.ofdm_complex_dot_product
                0x08103388      0x190 C:\Users\DANIL\STM32CubeIDE\workspace_2.1.0\tstm32h55_main\CM4\codec2\src\libcodec2_datamodem.a(ofdm.o)
 .text.allocate_tx_bpf
                0x08103518       0xa4 C:\Users\DANIL\STM32CubeIDE\workspace_2.1.0\tstm32h55_main\CM4\codec2\src\libcodec2_datamodem.a(ofdm.o)
 .text.idft     0x081035bc      0x144 C:\Users\DANIL\STM32CubeIDE\workspace_2.1.0\tstm32h55_main\CM4\codec2\src\libcodec2_datamodem.a(ofdm.o)
 .text.dft      0x08103700       0xf0 C:\Users\DANIL\STM32CubeIDE\workspace_2.1.0\tstm32h55_main\CM4\codec2\src\libcodec2_datamodem.a(ofdm.o)
 .text.est_timing_and_freq
                0x081037f0      0x1c8 C:\Users\DANIL\STM32CubeIDE\workspace_2.1.0\tstm32h55_main\CM4\codec2\src\libcodec2_datamodem.a(ofdm.o)
 .text.burst_acquisition_detector
                0x081039b8       0xa6 C:\Users\DANIL\STM32CubeIDE\workspace_2.1.0\tstm32h55_main\CM4\codec2\src\libcodec2_datamodem.a(ofdm.o)
 *fill*         0x08103a5e        0x2 
 .text.est_timing
                0x08103a60      0x2b8 C:\Users\DANIL\STM32CubeIDE\workspace_2.1.0\tstm32h55_main\CM4\codec2\src\libcodec2_datamodem.a(ofdm.o)
 .text.ofdm_sync_search_core
                0x08103d18      0x560 C:\Users\DANIL\STM32CubeIDE\workspace_2.1.0\tstm32h55_main\CM4\codec2\src\libcodec2_datamodem.a(ofdm.o)
 .text.ofdm_demod_core
                0x08104278      0x954 C:\Users\DANIL\STM32CubeIDE\workspace_2.1.0\tstm32h55_main\CM4\codec2\src\libcodec2_datamodem.a(ofdm.o)
 .text.qpsk_mod
                0x08104bcc       0x1c C:\Users\DANIL\STM32CubeIDE\workspace_2.1.0\tstm32h55_main\CM4\codec2\src\libcodec2_datamodem.a(ofdm.o)
                0x08104bcc                qpsk_mod
 .text.qpsk_demod
                0x08104be8       0x38 C:\Users\DANIL\STM32CubeIDE\workspace_2.1.0\tstm32h55_main\CM4\codec2\src\libcodec2_datamodem.a(ofdm.o)
                0x08104be8                qpsk_demod
 .text.ofdm_get_nin
                0x08104c20        0x6 C:\Users\DANIL\STM32CubeIDE\workspace_2.1.0\tstm32h55_main\CM4\codec2\src\libcodec2_datamodem.a(ofdm.o)
                0x08104c20                ofdm_get_nin
 .text.ofdm_get_samples_per_frame
                0x08104c26        0x6 C:\Users\DANIL\STM32CubeIDE\workspace_2.1.0\tstm32h55_main\CM4\codec2\src\libcodec2_datamodem.a(ofdm.o)
                0x08104c26                ofdm_get_samples_per_frame
 .text.ofdm_get_samples_per_packet
                0x08104c2c        0xc C:\Users\DANIL\STM32CubeIDE\workspace_2.1.0\tstm32h55_main\CM4\codec2\src\libcodec2_datamodem.a(ofdm.o)
                0x08104c2c                ofdm_get_samples_per_packet
 .text.ofdm_get_max_samples_per_frame
                0x08104c38        0x6 C:\Users\DANIL\STM32CubeIDE\workspace_2.1.0\tstm32h55_main\CM4\codec2\src\libcodec2_datamodem.a(ofdm.o)
                0x08104c38                ofdm_get_max_samples_per_frame
 .text.ofdm_get_bits_per_frame
                0x08104c3e        0x6 C:\Users\DANIL\STM32CubeIDE\workspace_2.1.0\tstm32h55_main\CM4\codec2\src\libcodec2_datamodem.a(ofdm.o)
                0x08104c3e                ofdm_get_bits_per_frame
 .text.ofdm_get_bits_per_packet
                0x08104c44        0x6 C:\Users\DANIL\STM32CubeIDE\workspace_2.1.0\tstm32h55_main\CM4\codec2\src\libcodec2_datamodem.a(ofdm.o)
                0x08104c44                ofdm_get_bits_per_packet
 .text.ofdm_sync_search
                0x08104c4a       0x42 C:\Users\DANIL\STM32CubeIDE\workspace_2.1.0\tstm32h55_main\CM4\codec2\src\libcodec2_datamodem.a(ofdm.o)
                0x08104c4a                ofdm_sync_search
 .text.ofdm_sync_search_shorts
                0x08104c8c       0x64 C:\Users\DANIL\STM32CubeIDE\workspace_2.1.0\tstm32h55_main\CM4\codec2\src\libcodec2_datamodem.a(ofdm.o)
                0x08104c8c                ofdm_sync_search_shorts
 .text.ofdm_demod
                0x08104cf0       0x5e C:\Users\DANIL\STM32CubeIDE\workspace_2.1.0\tstm32h55_main\CM4\codec2\src\libcodec2_datamodem.a(ofdm.o)
                0x08104cf0                ofdm_demod
 *fill*         0x08104d4e        0x2 
 .text.ofdm_demod_shorts
                0x08104d50       0x70 C:\Users\DANIL\STM32CubeIDE\workspace_2.1.0\tstm32h55_main\CM4\codec2\src\libcodec2_datamodem.a(ofdm.o)
                0x08104d50                ofdm_demod_shorts
 .text.ofdm_esno_est_calc
                0x08104dc0      0x128 C:\Users\DANIL\STM32CubeIDE\workspace_2.1.0\tstm32h55_main\CM4\codec2\src\libcodec2_datamodem.a(ofdm.o)
                0x08104dc0                ofdm_esno_est_calc
 .text.ofdm_snr_from_esno
                0x08104ee8       0x64 C:\Users\DANIL\STM32CubeIDE\workspace_2.1.0\tstm32h55_main\CM4\codec2\src\libcodec2_datamodem.a(ofdm.o)
                0x08104ee8                ofdm_snr_from_esno
 .text.ofdm_sync_state_machine_voice1
                0x08104f4c       0xd4 C:\Users\DANIL\STM32CubeIDE\workspace_2.1.0\tstm32h55_main\CM4\codec2\src\libcodec2_datamodem.a(ofdm.o)
                0x08104f4c                ofdm_sync_state_machine_voice1
 .text.ofdm_sync_state_machine_data_streaming
                0x08105020       0xbe C:\Users\DANIL\STM32CubeIDE\workspace_2.1.0\tstm32h55_main\CM4\codec2\src\libcodec2_datamodem.a(ofdm.o)
                0x08105020                ofdm_sync_state_machine_data_streaming
 .text.ofdm_sync_state_machine_data_burst
                0x081050de      0x112 C:\Users\DANIL\STM32CubeIDE\workspace_2.1.0\tstm32h55_main\CM4\codec2\src\libcodec2_datamodem.a(ofdm.o)
                0x081050de                ofdm_sync_state_machine_data_burst
 .text.ofdm_sync_state_machine_voice2
                0x081051f0       0x9e C:\Users\DANIL\STM32CubeIDE\workspace_2.1.0\tstm32h55_main\CM4\codec2\src\libcodec2_datamodem.a(ofdm.o)
                0x081051f0                ofdm_sync_state_machine_voice2
 *fill*         0x0810528e        0x2 
 .text.ofdm_sync_state_machine
                0x08105290       0x6c C:\Users\DANIL\STM32CubeIDE\workspace_2.1.0\tstm32h55_main\CM4\codec2\src\libcodec2_datamodem.a(ofdm.o)
                0x08105290                ofdm_sync_state_machine
 .text.ofdm_get_demod_stats
                0x081052fc      0x198 C:\Users\DANIL\STM32CubeIDE\workspace_2.1.0\tstm32h55_main\CM4\codec2\src\libcodec2_datamodem.a(ofdm.o)
                0x081052fc                ofdm_get_demod_stats
 .text.ofdm_assemble_qpsk_modem_packet_symbols
                0x08105494      0x124 C:\Users\DANIL\STM32CubeIDE\workspace_2.1.0\tstm32h55_main\CM4\codec2\src\libcodec2_datamodem.a(ofdm.o)
                0x08105494                ofdm_assemble_qpsk_modem_packet_symbols
 .text.ofdm_disassemble_qpsk_modem_packet_with_text_amps
                0x081055b8      0x170 C:\Users\DANIL\STM32CubeIDE\workspace_2.1.0\tstm32h55_main\CM4\codec2\src\libcodec2_datamodem.a(ofdm.o)
                0x081055b8                ofdm_disassemble_qpsk_modem_packet_with_text_amps
 .text.ofdm_extract_uw
                0x08105728       0xc4 C:\Users\DANIL\STM32CubeIDE\workspace_2.1.0\tstm32h55_main\CM4\codec2\src\libcodec2_datamodem.a(ofdm.o)
                0x08105728                ofdm_extract_uw
 .text.ofdm_rand_seed
                0x081057ec       0x28 C:\Users\DANIL\STM32CubeIDE\workspace_2.1.0\tstm32h55_main\CM4\codec2\src\libcodec2_datamodem.a(ofdm.o)
                0x081057ec                ofdm_rand_seed
 .text.ofdm_rand
                0x08105814        0x8 C:\Users\DANIL\STM32CubeIDE\workspace_2.1.0\tstm32h55_main\CM4\codec2\src\libcodec2_datamodem.a(ofdm.o)
                0x08105814                ofdm_rand
 .text.ofdm_generate_payload_data_bits
                0x0810581c       0x38 C:\Users\DANIL\STM32CubeIDE\workspace_2.1.0\tstm32h55_main\CM4\codec2\src\libcodec2_datamodem.a(ofdm.o)
                0x0810581c                ofdm_generate_payload_data_bits
 .text.ofdm_clip
                0x08105854       0x58 C:\Users\DANIL\STM32CubeIDE\workspace_2.1.0\tstm32h55_main\CM4\codec2\src\libcodec2_datamodem.a(ofdm.o)
                0x08105854                ofdm_clip
 .text.ofdm_hilbert_clipper
                0x081058ac      0x114 C:\Users\DANIL\STM32CubeIDE\workspace_2.1.0\tstm32h55_main\CM4\codec2\src\libcodec2_datamodem.a(ofdm.o)
                0x081058ac                ofdm_hilbert_clipper
 .text.ofdm_txframe
                0x081059c0      0x210 C:\Users\DANIL\STM32CubeIDE\workspace_2.1.0\tstm32h55_main\CM4\codec2\src\libcodec2_datamodem.a(ofdm.o)
                0x081059c0                ofdm_txframe
 .text.ofdm_mod
                0x08105bd0       0x9e C:\Users\DANIL\STM32CubeIDE\workspace_2.1.0\tstm32h55_main\CM4\codec2\src\libcodec2_datamodem.a(ofdm.o)
                0x08105bd0                ofdm_mod
 .text.ofdm_generate_preamble
                0x08105c6e       0x8c C:\Users\DANIL\STM32CubeIDE\workspace_2.1.0\tstm32h55_main\CM4\codec2\src\libcodec2_datamodem.a(ofdm.o)
                0x08105c6e                ofdm_generate_preamble
 *fill*         0x08105cfa        0x2 
 .text.ofdm_create
                0x08105cfc      0xaa8 C:\Users\DANIL\STM32CubeIDE\workspace_2.1.0\tstm32h55_main\CM4\codec2\src\libcodec2_datamodem.a(ofdm.o)
                0x08105cfc                ofdm_create
 .text.quisk_filt_cfInit
                0x081067a4       0x32 C:\Users\DANIL\STM32CubeIDE\workspace_2.1.0\tstm32h55_main\CM4\codec2\src\libcodec2_datamodem.a(filter.o)
                0x081067a4                quisk_filt_cfInit
 *fill*         0x081067d6        0x2 
 .text.quisk_cfTune
                0x081067d8       0xa0 C:\Users\DANIL\STM32CubeIDE\workspace_2.1.0\tstm32h55_main\CM4\codec2\src\libcodec2_datamodem.a(filter.o)
                0x081067d8                quisk_cfTune
 .text.quisk_ccfFilter
                0x08106878       0xbc C:\Users\DANIL\STM32CubeIDE\workspace_2.1.0\tstm32h55_main\CM4\codec2\src\libcodec2_datamodem.a(filter.o)
                0x08106878                quisk_ccfFilter
 .text.freedv_ofdm_data_open
                0x08106934      0x1e0 C:\Users\DANIL\STM32CubeIDE\workspace_2.1.0\tstm32h55_main\CM4\codec2\src\libcodec2_datamodem.a(freedv_700.o)
                0x08106934                freedv_ofdm_data_open
 .text.freedv_comptx_ofdm
                0x08106b14       0xde C:\Users\DANIL\STM32CubeIDE\workspace_2.1.0\tstm32h55_main\CM4\codec2\src\libcodec2_datamodem.a(freedv_700.o)
                0x08106b14                freedv_comptx_ofdm
 *fill*         0x08106bf2        0x2 
 .text.freedv_comp_short_rx_ofdm
                0x08106bf4      0x5a4 C:\Users\DANIL\STM32CubeIDE\workspace_2.1.0\tstm32h55_main\CM4\codec2\src\libcodec2_datamodem.a(freedv_700.o)
                0x08106bf4                freedv_comp_short_rx_ofdm
 .text.codec2_fifo_create_buf
                0x08107198       0x40 C:\Users\DANIL\STM32CubeIDE\workspace_2.1.0\tstm32h55_main\CM4\codec2\src\libcodec2_datamodem.a(codec2_fifo.o)
                0x08107198                codec2_fifo_create_buf
 .text.codec2_fifo_create
                0x081071d8       0x30 C:\Users\DANIL\STM32CubeIDE\workspace_2.1.0\tstm32h55_main\CM4\codec2\src\libcodec2_datamodem.a(codec2_fifo.o)
                0x081071d8                codec2_fifo_create
 .text.codec2_fifo_used
                0x08107208       0x18 C:\Users\DANIL\STM32CubeIDE\workspace_2.1.0\tstm32h55_main\CM4\codec2\src\libcodec2_datamodem.a(codec2_fifo.o)
                0x08107208                codec2_fifo_used
 .text.codec2_fifo_read
                0x08107220       0x5c C:\Users\DANIL\STM32CubeIDE\workspace_2.1.0\tstm32h55_main\CM4\codec2\src\libcodec2_datamodem.a(codec2_fifo.o)
                0x08107220                codec2_fifo_read
 .text.codec2_fifo_free
                0x0810727c        0xe C:\Users\DANIL\STM32CubeIDE\workspace_2.1.0\tstm32h55_main\CM4\codec2\src\libcodec2_datamodem.a(codec2_fifo.o)
                0x0810727c                codec2_fifo_free
 *fill*         0x0810728a        0x2 
 .text.codec2_fifo_write
                0x0810728c       0x5c C:\Users\DANIL\STM32CubeIDE\workspace_2.1.0\tstm32h55_main\CM4\codec2\src\libcodec2_datamodem.a(codec2_fifo.o)
                0x0810728c                codec2_fifo_write
 .text.varicode_decode3.part.0
                0x081072e8       0x1c C:\Users\DANIL\STM32CubeIDE\workspace_2.1.0\tstm32h55_main\CM4\codec2\src\libcodec2_datamodem.a(varicode.o)
 .text.varicode_encode1
                0x08107304       0x88 C:\Users\DANIL\STM32CubeIDE\workspace_2.1.0\tstm32h55_main\CM4\codec2\src\libcodec2_datamodem.a(varicode.o)
                0x08107304                varicode_encode1
 .text.varicode_encode2
                0x0810738c       0xa0 C:\Users\DANIL\STM32CubeIDE\workspace_2.1.0\tstm32h55_main\CM4\codec2\src\libcodec2_datamodem.a(varicode.o)
                0x0810738c                varicode_encode2
 .text.varicode_encode3
                0x0810742c       0x34 C:\Users\DANIL\STM32CubeIDE\workspace_2.1.0\tstm32h55_main\CM4\codec2\src\libcodec2_datamodem.a(varicode.o)
                0x0810742c                varicode_encode3
 .text.varicode_encode
                0x08107460       0x44 C:\Users\DANIL\STM32CubeIDE\workspace_2.1.0\tstm32h55_main\CM4\codec2\src\libcodec2_datamodem.a(varicode.o)
                0x08107460                varicode_encode
 .text.varicode_decode_init
                0x081074a4       0x34 C:\Users\DANIL\STM32CubeIDE\workspace_2.1.0\tstm32h55_main\CM4\codec2\src\libcodec2_datamodem.a(varicode.o)
                0x081074a4                varicode_decode_init
 .text.varicode_decode1
                0x081074d8       0xc4 C:\Users\DANIL\STM32CubeIDE\workspace_2.1.0\tstm32h55_main\CM4\codec2\src\libcodec2_datamodem.a(varicode.o)
                0x081074d8                varicode_decode1
 .text.varicode_decode2
                0x0810759c       0xe8 C:\Users\DANIL\STM32CubeIDE\workspace_2.1.0\tstm32h55_main\CM4\codec2\src\libcodec2_datamodem.a(varicode.o)
                0x0810759c                varicode_decode2
 .text.varicode_decode
                0x08107684       0x48 C:\Users\DANIL\STM32CubeIDE\workspace_2.1.0\tstm32h55_main\CM4\codec2\src\libcodec2_datamodem.a(varicode.o)
                0x08107684                varicode_decode
 .text.ldpc_codes_find
                0x081076cc       0x48 C:\Users\DANIL\STM32CubeIDE\workspace_2.1.0\tstm32h55_main\CM4\codec2\src\libcodec2_datamodem.a(ldpc_codes.o)
                0x081076cc                ldpc_codes_find
 .text.ldpc_codes_setup
                0x08107714       0x2c C:\Users\DANIL\STM32CubeIDE\workspace_2.1.0\tstm32h55_main\CM4\codec2\src\libcodec2_datamodem.a(ldpc_codes.o)
                0x08107714                ldpc_codes_setup
 .text.freedv_tx_fsk_ldpc_data_preamble
                0x08107740       0x7a C:\Users\DANIL\STM32CubeIDE\workspace_2.1.0\tstm32h55_main\CM4\codec2\src\libcodec2_datamodem.a(freedv_fsk.o)
                0x08107740                freedv_tx_fsk_ldpc_data_preamble
 .text.comp_exp_j
                0x081077ba       0x2c C:\Users\DANIL\STM32CubeIDE\workspace_2.1.0\tstm32h55_main\CM4\codec2\src\libcodec2_datamodem.a(fsk.o)
 *fill*         0x081077e6        0x2 
 .text.fsk_mod_c
                0x081077e8      0x144 C:\Users\DANIL\STM32CubeIDE\workspace_2.1.0\tstm32h55_main\CM4\codec2\src\libcodec2_datamodem.a(fsk.o)
                0x081077e8                fsk_mod_c
 .text.ofdm_init_mode
                0x0810792c      0x688 C:\Users\DANIL\STM32CubeIDE\workspace_2.1.0\tstm32h55_main\CM4\codec2\src\libcodec2_datamodem.a(ofdm_mode.o)
                0x0810792c                ofdm_init_mode
 .text.max_star0
                0x08107fb4       0x64 C:\Users\DANIL\STM32CubeIDE\workspace_2.1.0\tstm32h55_main\CM4\codec2\src\libcodec2_datamodem.a(mpdecode_core.o)
 .text.encode   0x08108018       0x4a C:\Users\DANIL\STM32CubeIDE\workspace_2.1.0\tstm32h55_main\CM4\codec2\src\libcodec2_datamodem.a(mpdecode_core.o)
                0x08108018                encode
 *fill*         0x08108062        0x2 
 .text.init_c_v_nodes
                0x08108064      0x460 C:\Users\DANIL\STM32CubeIDE\workspace_2.1.0\tstm32h55_main\CM4\codec2\src\libcodec2_datamodem.a(mpdecode_core.o)
                0x08108064                init_c_v_nodes
 .text.SumProduct
                0x081084c4      0x1dc C:\Users\DANIL\STM32CubeIDE\workspace_2.1.0\tstm32h55_main\CM4\codec2\src\libcodec2_datamodem.a(mpdecode_core.o)
                0x081084c4                SumProduct
 .text.run_ldpc_decoder
                0x081086a0      0x184 C:\Users\DANIL\STM32CubeIDE\workspace_2.1.0\tstm32h55_main\CM4\codec2\src\libcodec2_datamodem.a(mpdecode_core.o)
                0x081086a0                run_ldpc_decoder
 .text.Demod2D  0x08108824       0x6c C:\Users\DANIL\STM32CubeIDE\workspace_2.1.0\tstm32h55_main\CM4\codec2\src\libcodec2_datamodem.a(mpdecode_core.o)
                0x08108824                Demod2D
 .text.Somap    0x08108890       0xec C:\Users\DANIL\STM32CubeIDE\workspace_2.1.0\tstm32h55_main\CM4\codec2\src\libcodec2_datamodem.a(mpdecode_core.o)
                0x08108890                Somap
 .text.symbols_to_llrs
                0x0810897c       0x5c C:\Users\DANIL\STM32CubeIDE\workspace_2.1.0\tstm32h55_main\CM4\codec2\src\libcodec2_datamodem.a(mpdecode_core.o)
                0x0810897c                symbols_to_llrs
 .text.phi0     0x081089d8      0x1f0 C:\Users\DANIL\STM32CubeIDE\workspace_2.1.0\tstm32h55_main\CM4\codec2\src\libcodec2_datamodem.a(phi0.o)
                0x081089d8                phi0
 .text.set_up_ldpc_constants
                0x08108bc8       0x10 C:\Users\DANIL\STM32CubeIDE\workspace_2.1.0\tstm32h55_main\CM4\codec2\src\libcodec2_datamodem.a(interldpc.o)
                0x08108bc8                set_up_ldpc_constants
 .text.ldpc_mode_specific_setup
                0x08108bd8       0x58 C:\Users\DANIL\STM32CubeIDE\workspace_2.1.0\tstm32h55_main\CM4\codec2\src\libcodec2_datamodem.a(interldpc.o)
                0x08108bd8                ldpc_mode_specific_setup
 .text.ldpc_encode_frame
                0x08108c30      0x120 C:\Users\DANIL\STM32CubeIDE\workspace_2.1.0\tstm32h55_main\CM4\codec2\src\libcodec2_datamodem.a(interldpc.o)
                0x08108c30                ldpc_encode_frame
 .text.qpsk_modulate_frame
                0x08108d50       0x40 C:\Users\DANIL\STM32CubeIDE\workspace_2.1.0\tstm32h55_main\CM4\codec2\src\libcodec2_datamodem.a(interldpc.o)
                0x08108d50                qpsk_modulate_frame
 .text.ldpc_decode_frame
                0x08108d90      0x1fc C:\Users\DANIL\STM32CubeIDE\workspace_2.1.0\tstm32h55_main\CM4\codec2\src\libcodec2_datamodem.a(interldpc.o)
                0x08108d90                ldpc_decode_frame
 .text.count_uncoded_errors
                0x08108f8c      0x110 C:\Users\DANIL\STM32CubeIDE\workspace_2.1.0\tstm32h55_main\CM4\codec2\src\libcodec2_datamodem.a(interldpc.o)
                0x08108f8c                count_uncoded_errors
 .text.count_errors
                0x0810909c       0x1c C:\Users\DANIL\STM32CubeIDE\workspace_2.1.0\tstm32h55_main\CM4\codec2\src\libcodec2_datamodem.a(interldpc.o)
                0x0810909c                count_errors
 .text.ofdm_ldpc_interleave_tx
                0x081090b8       0x8c C:\Users\DANIL\STM32CubeIDE\workspace_2.1.0\tstm32h55_main\CM4\codec2\src\libcodec2_datamodem.a(interldpc.o)
                0x081090b8                ofdm_ldpc_interleave_tx
 .text.is_prime
                0x08109144       0x1c C:\Users\DANIL\STM32CubeIDE\workspace_2.1.0\tstm32h55_main\CM4\codec2\src\libcodec2_datamodem.a(gp_interleaver.o)
                0x08109144                is_prime
 .text.next_prime
                0x08109160       0x14 C:\Users\DANIL\STM32CubeIDE\workspace_2.1.0\tstm32h55_main\CM4\codec2\src\libcodec2_datamodem.a(gp_interleaver.o)
                0x08109160                next_prime
 .text.choose_interleaver_b
                0x08109174       0x38 C:\Users\DANIL\STM32CubeIDE\workspace_2.1.0\tstm32h55_main\CM4\codec2\src\libcodec2_datamodem.a(gp_interleaver.o)
                0x08109174                choose_interleaver_b
 .text.gp_interleave_comp
                0x081091ac       0x3a C:\Users\DANIL\STM32CubeIDE\workspace_2.1.0\tstm32h55_main\CM4\codec2\src\libcodec2_datamodem.a(gp_interleaver.o)
                0x081091ac                gp_interleave_comp
 .text.gp_deinterleave_comp
                0x081091e6       0x3c C:\Users\DANIL\STM32CubeIDE\workspace_2.1.0\tstm32h55_main\CM4\codec2\src\libcodec2_datamodem.a(gp_interleaver.o)
                0x081091e6                gp_deinterleave_comp
 .text.gp_deinterleave_float
                0x08109222       0x32 C:\Users\DANIL\STM32CubeIDE\workspace_2.1.0\tstm32h55_main\CM4\codec2\src\libcodec2_datamodem.a(gp_interleaver.o)
                0x08109222                gp_deinterleave_float
 .text.calloc   0x08109254       0x10 C:/ST/STM32CubeIDE_1.15.0/STM32CubeIDE/plugins/com.st.stm32cube.ide.mcu.externaltools.gnu-tools-for-stm32.14.3.rel1.win32_1.0.100.202602081740/tools/bin/../lib/gcc/arm-none-eabi/14.3.1/../../../../arm-none-eabi/lib/thumb/v7e-m+fp/hard\libc_nano.a(libc_a-calloc.o)
                0x08109254                calloc
 .text._calloc_r
                0x08109264       0x28 C:/ST/STM32CubeIDE_1.15.0/STM32CubeIDE/plugins/com.st.stm32cube.ide.mcu.externaltools.gnu-tools-for-stm32.14.3.rel1.win32_1.0.100.202602081740/tools/bin/../lib/gcc/arm-none-eabi/14.3.1/../../../../arm-none-eabi/lib/thumb/v7e-m+fp/hard\libc_nano.a(libc_a-callocr.o)
                0x08109264                _calloc_r
 .text.malloc   0x0810928c       0x10 C:/ST/STM32CubeIDE_1.15.0/STM32CubeIDE/plugins/com.st.stm32cube.ide.mcu.externaltools.gnu-tools-for-stm32.14.3.rel1.win32_1.0.100.202602081740/tools/bin/../lib/gcc/arm-none-eabi/14.3.1/../../../../arm-none-eabi/lib/thumb/v7e-m+fp/hard\libc_nano.a(libc_a-malloc.o)
                0x0810928c                malloc
 .text.free     0x0810929c       0x10 C:/ST/STM32CubeIDE_1.15.0/STM32CubeIDE/plugins/com.st.stm32cube.ide.mcu.externaltools.gnu-tools-for-stm32.14.3.rel1.win32_1.0.100.202602081740/tools/bin/../lib/gcc/arm-none-eabi/14.3.1/../../../../arm-none-eabi/lib/thumb/v7e-m+fp/hard\libc_nano.a(libc_a-malloc.o)
                0x0810929c                free
 .text.sbrk_aligned
                0x081092ac       0x44 C:/ST/STM32CubeIDE_1.15.0/STM32CubeIDE/plugins/com.st.stm32cube.ide.mcu.externaltools.gnu-tools-for-stm32.14.3.rel1.win32_1.0.100.202602081740/tools/bin/../lib/gcc/arm-none-eabi/14.3.1/../../../../arm-none-eabi/lib/thumb/v7e-m+fp/hard\libc_nano.a(libc_a-mallocr.o)
 .text._malloc_r
                0x081092f0      0x100 C:/ST/STM32CubeIDE_1.15.0/STM32CubeIDE/plugins/com.st.stm32cube.ide.mcu.externaltools.gnu-tools-for-stm32.14.3.rel1.win32_1.0.100.202602081740/tools/bin/../lib/gcc/arm-none-eabi/14.3.1/../../../../arm-none-eabi/lib/thumb/v7e-m+fp/hard\libc_nano.a(libc_a-mallocr.o)
                0x081092f0                _malloc_r
 .text.__malloc_lock
                0x081093f0        0xc C:/ST/STM32CubeIDE_1.15.0/STM32CubeIDE/plugins/com.st.stm32cube.ide.mcu.externaltools.gnu-tools-for-stm32.14.3.rel1.win32_1.0.100.202602081740/tools/bin/../lib/gcc/arm-none-eabi/14.3.1/../../../../arm-none-eabi/lib/thumb/v7e-m+fp/hard\libc_nano.a(libc_a-mlock.o)
                0x081093f0                __malloc_lock
 .text.__malloc_unlock
                0x081093fc        0xc C:/ST/STM32CubeIDE_1.15.0/STM32CubeIDE/plugins/com.st.stm32cube.ide.mcu.externaltools.gnu-tools-for-stm32.14.3.rel1.win32_1.0.100.202602081740/tools/bin/../lib/gcc/arm-none-eabi/14.3.1/../../../../arm-none-eabi/lib/thumb/v7e-m+fp/hard\libc_nano.a(libc_a-mlock.o)
                0x081093fc                __malloc_unlock
 .text.__cvt    0x08109408       0xca C:/ST/STM32CubeIDE_1.15.0/STM32CubeIDE/plugins/com.st.stm32cube.ide.mcu.externaltools.gnu-tools-for-stm32.14.3.rel1.win32_1.0.100.202602081740/tools/bin/../lib/gcc/arm-none-eabi/14.3.1/../../../../arm-none-eabi/lib/thumb/v7e-m+fp/hard\libc_nano.a(libc_a-nano-vfprintf_float.o)
                0x08109408                __cvt
 .text.__exponent
                0x081094d2       0x74 C:/ST/STM32CubeIDE_1.15.0/STM32CubeIDE/plugins/com.st.stm32cube.ide.mcu.externaltools.gnu-tools-for-stm32.14.3.rel1.win32_1.0.100.202602081740/tools/bin/../lib/gcc/arm-none-eabi/14.3.1/../../../../arm-none-eabi/lib/thumb/v7e-m+fp/hard\libc_nano.a(libc_a-nano-vfprintf_float.o)
                0x081094d2                __exponent
 *fill*         0x08109546        0x2 
 .text._printf_float
                0x08109548      0x450 C:/ST/STM32CubeIDE_1.15.0/STM32CubeIDE/plugins/com.st.stm32cube.ide.mcu.externaltools.gnu-tools-for-stm32.14.3.rel1.win32_1.0.100.202602081740/tools/bin/../lib/gcc/arm-none-eabi/14.3.1/../../../../arm-none-eabi/lib/thumb/v7e-m+fp/hard\libc_nano.a(libc_a-nano-vfprintf_float.o)
                0x08109548                _printf_float
 .text._printf_common
                0x08109998       0xda C:/ST/STM32CubeIDE_1.15.0/STM32CubeIDE/plugins/com.st.stm32cube.ide.mcu.externaltools.gnu-tools-for-stm32.14.3.rel1.win32_1.0.100.202602081740/tools/bin/../lib/gcc/arm-none-eabi/14.3.1/../../../../arm-none-eabi/lib/thumb/v7e-m+fp/hard\libc_nano.a(libc_a-nano-vfprintf_i.o)
                0x08109998                _printf_common
 *fill*         0x08109a72        0x2 
 .text._printf_i
                0x08109a74      0x24c C:/ST/STM32CubeIDE_1.15.0/STM32CubeIDE/plugins/com.st.stm32cube.ide.mcu.externaltools.gnu-tools-for-stm32.14.3.rel1.win32_1.0.100.202602081740/tools/bin/../lib/gcc/arm-none-eabi/14.3.1/../../../../arm-none-eabi/lib/thumb/v7e-m+fp/hard\libc_nano.a(libc_a-nano-vfprintf_i.o)
                0x08109a74                _printf_i
 .text.std      0x08109cc0       0x6c C:/ST/STM32CubeIDE_1.15.0/STM32CubeIDE/plugins/com.st.stm32cube.ide.mcu.externaltools.gnu-tools-for-stm32.14.3.rel1.win32_1.0.100.202602081740/tools/bin/../lib/gcc/arm-none-eabi/14.3.1/../../../../arm-none-eabi/lib/thumb/v7e-m+fp/hard\libc_nano.a(libc_a-findfp.o)
 .text.stdio_exit_handler
                0x08109d2c       0x18 C:/ST/STM32CubeIDE_1.15.0/STM32CubeIDE/plugins/com.st.stm32cube.ide.mcu.externaltools.gnu-tools-for-stm32.14.3.rel1.win32_1.0.100.202602081740/tools/bin/../lib/gcc/arm-none-eabi/14.3.1/../../../../arm-none-eabi/lib/thumb/v7e-m+fp/hard\libc_nano.a(libc_a-findfp.o)
 .text.cleanup_stdio
                0x08109d44       0x40 C:/ST/STM32CubeIDE_1.15.0/STM32CubeIDE/plugins/com.st.stm32cube.ide.mcu.externaltools.gnu-tools-for-stm32.14.3.rel1.win32_1.0.100.202602081740/tools/bin/../lib/gcc/arm-none-eabi/14.3.1/../../../../arm-none-eabi/lib/thumb/v7e-m+fp/hard\libc_nano.a(libc_a-findfp.o)
 .text.global_stdio_init.part.0
                0x08109d84       0x40 C:/ST/STM32CubeIDE_1.15.0/STM32CubeIDE/plugins/com.st.stm32cube.ide.mcu.externaltools.gnu-tools-for-stm32.14.3.rel1.win32_1.0.100.202602081740/tools/bin/../lib/gcc/arm-none-eabi/14.3.1/../../../../arm-none-eabi/lib/thumb/v7e-m+fp/hard\libc_nano.a(libc_a-findfp.o)
 .text.__sfp_lock_acquire
                0x08109dc4        0xc C:/ST/STM32CubeIDE_1.15.0/STM32CubeIDE/plugins/com.st.stm32cube.ide.mcu.externaltools.gnu-tools-for-stm32.14.3.rel1.win32_1.0.100.202602081740/tools/bin/../lib/gcc/arm-none-eabi/14.3.1/../../../../arm-none-eabi/lib/thumb/v7e-m+fp/hard\libc_nano.a(libc_a-findfp.o)
                0x08109dc4                __sfp_lock_acquire
 .text.__sfp_lock_release
                0x08109dd0        0xc C:/ST/STM32CubeIDE_1.15.0/STM32CubeIDE/plugins/com.st.stm32cube.ide.mcu.externaltools.gnu-tools-for-stm32.14.3.rel1.win32_1.0.100.202602081740/tools/bin/../lib/gcc/arm-none-eabi/14.3.1/../../../../arm-none-eabi/lib/thumb/v7e-m+fp/hard\libc_nano.a(libc_a-findfp.o)
                0x08109dd0                __sfp_lock_release
 .text.__sinit  0x08109ddc       0x30 C:/ST/STM32CubeIDE_1.15.0/STM32CubeIDE/plugins/com.st.stm32cube.ide.mcu.externaltools.gnu-tools-for-stm32.14.3.rel1.win32_1.0.100.202602081740/tools/bin/../lib/gcc/arm-none-eabi/14.3.1/../../../../arm-none-eabi/lib/thumb/v7e-m+fp/hard\libc_nano.a(libc_a-findfp.o)
                0x08109ddc                __sinit
 .text.fprintf  0x08109e0c       0x24 C:/ST/STM32CubeIDE_1.15.0/STM32CubeIDE/plugins/com.st.stm32cube.ide.mcu.externaltools.gnu-tools-for-stm32.14.3.rel1.win32_1.0.100.202602081740/tools/bin/../lib/gcc/arm-none-eabi/14.3.1/../../../../arm-none-eabi/lib/thumb/v7e-m+fp/hard\libc_nano.a(libc_a-fprintf.o)
                0x08109e0c                fiprintf
                0x08109e0c                fprintf
 .text._fwalk_sglue
                0x08109e30       0x3c C:/ST/STM32CubeIDE_1.15.0/STM32CubeIDE/plugins/com.st.stm32cube.ide.mcu.externaltools.gnu-tools-for-stm32.14.3.rel1.win32_1.0.100.202602081740/tools/bin/../lib/gcc/arm-none-eabi/14.3.1/../../../../arm-none-eabi/lib/thumb/v7e-m+fp/hard\libc_nano.a(libc_a-fwalk.o)
                0x08109e30                _fwalk_sglue
 .text.__sread  0x08109e6c       0x22 C:/ST/STM32CubeIDE_1.15.0/STM32CubeIDE/plugins/com.st.stm32cube.ide.mcu.externaltools.gnu-tools-for-stm32.14.3.rel1.win32_1.0.100.202602081740/tools/bin/../lib/gcc/arm-none-eabi/14.3.1/../../../../arm-none-eabi/lib/thumb/v7e-m+fp/hard\libc_nano.a(libc_a-stdio.o)
                0x08109e6c                __sread
 .text.__swrite
                0x08109e8e       0x38 C:/ST/STM32CubeIDE_1.15.0/STM32CubeIDE/plugins/com.st.stm32cube.ide.mcu.externaltools.gnu-tools-for-stm32.14.3.rel1.win32_1.0.100.202602081740/tools/bin/../lib/gcc/arm-none-eabi/14.3.1/../../../../arm-none-eabi/lib/thumb/v7e-m+fp/hard\libc_nano.a(libc_a-stdio.o)
                0x08109e8e                __swrite
 .text.__sseek  0x08109ec6       0x26 C:/ST/STM32CubeIDE_1.15.0/STM32CubeIDE/plugins/com.st.stm32cube.ide.mcu.externaltools.gnu-tools-for-stm32.14.3.rel1.win32_1.0.100.202602081740/tools/bin/../lib/gcc/arm-none-eabi/14.3.1/../../../../arm-none-eabi/lib/thumb/v7e-m+fp/hard\libc_nano.a(libc_a-stdio.o)
                0x08109ec6                __sseek
 .text.__sclose
                0x08109eec        0x8 C:/ST/STM32CubeIDE_1.15.0/STM32CubeIDE/plugins/com.st.stm32cube.ide.mcu.externaltools.gnu-tools-for-stm32.14.3.rel1.win32_1.0.100.202602081740/tools/bin/../lib/gcc/arm-none-eabi/14.3.1/../../../../arm-none-eabi/lib/thumb/v7e-m+fp/hard\libc_nano.a(libc_a-stdio.o)
                0x08109eec                __sclose
 .text.__swbuf_r
                0x08109ef4       0x7c C:/ST/STM32CubeIDE_1.15.0/STM32CubeIDE/plugins/com.st.stm32cube.ide.mcu.externaltools.gnu-tools-for-stm32.14.3.rel1.win32_1.0.100.202602081740/tools/bin/../lib/gcc/arm-none-eabi/14.3.1/../../../../arm-none-eabi/lib/thumb/v7e-m+fp/hard\libc_nano.a(libc_a-wbuf.o)
                0x08109ef4                __swbuf_r
 .text.__swsetup_r
                0x08109f70       0xa8 C:/ST/STM32CubeIDE_1.15.0/STM32CubeIDE/plugins/com.st.stm32cube.ide.mcu.externaltools.gnu-tools-for-stm32.14.3.rel1.win32_1.0.100.202602081740/tools/bin/../lib/gcc/arm-none-eabi/14.3.1/../../../../arm-none-eabi/lib/thumb/v7e-m+fp/hard\libc_nano.a(libc_a-wsetup.o)
                0x08109f70                __swsetup_r
 .text.memmove  0x0810a018       0x32 C:/ST/STM32CubeIDE_1.15.0/STM32CubeIDE/plugins/com.st.stm32cube.ide.mcu.externaltools.gnu-tools-for-stm32.14.3.rel1.win32_1.0.100.202602081740/tools/bin/../lib/gcc/arm-none-eabi/14.3.1/../../../../arm-none-eabi/lib/thumb/v7e-m+fp/hard\libc_nano.a(libc_a-memmove.o)
                0x0810a018                memmove
 .text.memset   0x0810a04a       0x10 C:/ST/STM32CubeIDE_1.15.0/STM32CubeIDE/plugins/com.st.stm32cube.ide.mcu.externaltools.gnu-tools-for-stm32.14.3.rel1.win32_1.0.100.202602081740/tools/bin/../lib/gcc/arm-none-eabi/14.3.1/../../../../arm-none-eabi/lib/thumb/v7e-m+fp/hard\libc_nano.a(libc_a-memset.o)
                0x0810a04a                memset
 *fill*         0x0810a05a        0x2 
 .text._localeconv_r
                0x0810a05c        0x8 C:/ST/STM32CubeIDE_1.15.0/STM32CubeIDE/plugins/com.st.stm32cube.ide.mcu.externaltools.gnu-tools-for-stm32.14.3.rel1.win32_1.0.100.202602081740/tools/bin/../lib/gcc/arm-none-eabi/14.3.1/../../../../arm-none-eabi/lib/thumb/v7e-m+fp/hard\libc_nano.a(libc_a-localeconv.o)
                0x0810a05c                _localeconv_r
 .text._close_r
                0x0810a064       0x20 C:/ST/STM32CubeIDE_1.15.0/STM32CubeIDE/plugins/com.st.stm32cube.ide.mcu.externaltools.gnu-tools-for-stm32.14.3.rel1.win32_1.0.100.202602081740/tools/bin/../lib/gcc/arm-none-eabi/14.3.1/../../../../arm-none-eabi/lib/thumb/v7e-m+fp/hard\libc_nano.a(libc_a-closer.o)
                0x0810a064                _close_r
 .text._lseek_r
                0x0810a084       0x24 C:/ST/STM32CubeIDE_1.15.0/STM32CubeIDE/plugins/com.st.stm32cube.ide.mcu.externaltools.gnu-tools-for-stm32.14.3.rel1.win32_1.0.100.202602081740/tools/bin/../lib/gcc/arm-none-eabi/14.3.1/../../../../arm-none-eabi/lib/thumb/v7e-m+fp/hard\libc_nano.a(libc_a-lseekr.o)
                0x0810a084                _lseek_r
 .text._read_r  0x0810a0a8       0x24 C:/ST/STM32CubeIDE_1.15.0/STM32CubeIDE/plugins/com.st.stm32cube.ide.mcu.externaltools.gnu-tools-for-stm32.14.3.rel1.win32_1.0.100.202602081740/tools/bin/../lib/gcc/arm-none-eabi/14.3.1/../../../../arm-none-eabi/lib/thumb/v7e-m+fp/hard\libc_nano.a(libc_a-readr.o)
                0x0810a0a8                _read_r
 .text._sbrk_r  0x0810a0cc       0x20 C:/ST/STM32CubeIDE_1.15.0/STM32CubeIDE/plugins/com.st.stm32cube.ide.mcu.externaltools.gnu-tools-for-stm32.14.3.rel1.win32_1.0.100.202602081740/tools/bin/../lib/gcc/arm-none-eabi/14.3.1/../../../../arm-none-eabi/lib/thumb/v7e-m+fp/hard\libc_nano.a(libc_a-sbrkr.o)
                0x0810a0cc                _sbrk_r
 .text._write_r
                0x0810a0ec       0x24 C:/ST/STM32CubeIDE_1.15.0/STM32CubeIDE/plugins/com.st.stm32cube.ide.mcu.externaltools.gnu-tools-for-stm32.14.3.rel1.win32_1.0.100.202602081740/tools/bin/../lib/gcc/arm-none-eabi/14.3.1/../../../../arm-none-eabi/lib/thumb/v7e-m+fp/hard\libc_nano.a(libc_a-writer.o)
                0x0810a0ec                _write_r
 .text.__errno  0x0810a110        0xc C:/ST/STM32CubeIDE_1.15.0/STM32CubeIDE/plugins/com.st.stm32cube.ide.mcu.externaltools.gnu-tools-for-stm32.14.3.rel1.win32_1.0.100.202602081740/tools/bin/../lib/gcc/arm-none-eabi/14.3.1/../../../../arm-none-eabi/lib/thumb/v7e-m+fp/hard\libc_nano.a(libc_a-errno.o)
                0x0810a110                __errno
 .text.__libc_init_array
                0x0810a11c       0x48 C:/ST/STM32CubeIDE_1.15.0/STM32CubeIDE/plugins/com.st.stm32cube.ide.mcu.externaltools.gnu-tools-for-stm32.14.3.rel1.win32_1.0.100.202602081740/tools/bin/../lib/gcc/arm-none-eabi/14.3.1/../../../../arm-none-eabi/lib/thumb/v7e-m+fp/hard\libc_nano.a(libc_a-init.o)
                0x0810a11c                __libc_init_array
 .text.__retarget_lock_init_recursive
                0x0810a164        0x2 C:/ST/STM32CubeIDE_1.15.0/STM32CubeIDE/plugins/com.st.stm32cube.ide.mcu.externaltools.gnu-tools-for-stm32.14.3.rel1.win32_1.0.100.202602081740/tools/bin/../lib/gcc/arm-none-eabi/14.3.1/../../../../arm-none-eabi/lib/thumb/v7e-m+fp/hard\libc_nano.a(libc_a-lock.o)
                0x0810a164                __retarget_lock_init_recursive
 .text.__retarget_lock_acquire_recursive
                0x0810a166        0x2 C:/ST/STM32CubeIDE_1.15.0/STM32CubeIDE/plugins/com.st.stm32cube.ide.mcu.externaltools.gnu-tools-for-stm32.14.3.rel1.win32_1.0.100.202602081740/tools/bin/../lib/gcc/arm-none-eabi/14.3.1/../../../../arm-none-eabi/lib/thumb/v7e-m+fp/hard\libc_nano.a(libc_a-lock.o)
                0x0810a166                __retarget_lock_acquire_recursive
 .text.__retarget_lock_release_recursive
                0x0810a168        0x2 C:/ST/STM32CubeIDE_1.15.0/STM32CubeIDE/plugins/com.st.stm32cube.ide.mcu.externaltools.gnu-tools-for-stm32.14.3.rel1.win32_1.0.100.202602081740/tools/bin/../lib/gcc/arm-none-eabi/14.3.1/../../../../arm-none-eabi/lib/thumb/v7e-m+fp/hard\libc_nano.a(libc_a-lock.o)
                0x0810a168                __retarget_lock_release_recursive
 .text.strcpy   0x0810a16a       0x10 C:/ST/STM32CubeIDE_1.15.0/STM32CubeIDE/plugins/com.st.stm32cube.ide.mcu.externaltools.gnu-tools-for-stm32.14.3.rel1.win32_1.0.100.202602081740/tools/bin/../lib/gcc/arm-none-eabi/14.3.1/../../../../arm-none-eabi/lib/thumb/v7e-m+fp/hard\libc_nano.a(libc_a-strcpy.o)
                0x0810a16a                strcpy
 .text.memcpy   0x0810a17a       0x1c C:/ST/STM32CubeIDE_1.15.0/STM32CubeIDE/plugins/com.st.stm32cube.ide.mcu.externaltools.gnu-tools-for-stm32.14.3.rel1.win32_1.0.100.202602081740/tools/bin/../lib/gcc/arm-none-eabi/14.3.1/../../../../arm-none-eabi/lib/thumb/v7e-m+fp/hard\libc_nano.a(libc_a-memcpy-stub.o)
                0x0810a17a                memcpy
 .text.quorem   0x0810a196      0x110 C:/ST/STM32CubeIDE_1.15.0/STM32CubeIDE/plugins/com.st.stm32cube.ide.mcu.externaltools.gnu-tools-for-stm32.14.3.rel1.win32_1.0.100.202602081740/tools/bin/../lib/gcc/arm-none-eabi/14.3.1/../../../../arm-none-eabi/lib/thumb/v7e-m+fp/hard\libc_nano.a(libc_a-dtoa.o)
 *fill*         0x0810a2a6        0x2 
 .text._dtoa_r  0x0810a2a8      0xbb8 C:/ST/STM32CubeIDE_1.15.0/STM32CubeIDE/plugins/com.st.stm32cube.ide.mcu.externaltools.gnu-tools-for-stm32.14.3.rel1.win32_1.0.100.202602081740/tools/bin/../lib/gcc/arm-none-eabi/14.3.1/../../../../arm-none-eabi/lib/thumb/v7e-m+fp/hard\libc_nano.a(libc_a-dtoa.o)
                0x0810a2a8                _dtoa_r
 .text._free_r  0x0810ae60       0x94 C:/ST/STM32CubeIDE_1.15.0/STM32CubeIDE/plugins/com.st.stm32cube.ide.mcu.externaltools.gnu-tools-for-stm32.14.3.rel1.win32_1.0.100.202602081740/tools/bin/../lib/gcc/arm-none-eabi/14.3.1/../../../../arm-none-eabi/lib/thumb/v7e-m+fp/hard\libc_nano.a(libc_a-freer.o)
                0x0810ae60                _free_r
 .text._Balloc  0x0810aef4       0x7c C:/ST/STM32CubeIDE_1.15.0/STM32CubeIDE/plugins/com.st.stm32cube.ide.mcu.externaltools.gnu-tools-for-stm32.14.3.rel1.win32_1.0.100.202602081740/tools/bin/../lib/gcc/arm-none-eabi/14.3.1/../../../../arm-none-eabi/lib/thumb/v7e-m+fp/hard\libc_nano.a(libc_a-mprec.o)
                0x0810aef4                _Balloc
 .text._Bfree   0x0810af70       0x44 C:/ST/STM32CubeIDE_1.15.0/STM32CubeIDE/plugins/com.st.stm32cube.ide.mcu.externaltools.gnu-tools-for-stm32.14.3.rel1.win32_1.0.100.202602081740/tools/bin/../lib/gcc/arm-none-eabi/14.3.1/../../../../arm-none-eabi/lib/thumb/v7e-m+fp/hard\libc_nano.a(libc_a-mprec.o)
                0x0810af70                _Bfree
 .text.__multadd
                0x0810afb4       0x8c C:/ST/STM32CubeIDE_1.15.0/STM32CubeIDE/plugins/com.st.stm32cube.ide.mcu.externaltools.gnu-tools-for-stm32.14.3.rel1.win32_1.0.100.202602081740/tools/bin/../lib/gcc/arm-none-eabi/14.3.1/../../../../arm-none-eabi/lib/thumb/v7e-m+fp/hard\libc_nano.a(libc_a-mprec.o)
                0x0810afb4                __multadd
 .text.__hi0bits
                0x0810b040       0x3e C:/ST/STM32CubeIDE_1.15.0/STM32CubeIDE/plugins/com.st.stm32cube.ide.mcu.externaltools.gnu-tools-for-stm32.14.3.rel1.win32_1.0.100.202602081740/tools/bin/../lib/gcc/arm-none-eabi/14.3.1/../../../../arm-none-eabi/lib/thumb/v7e-m+fp/hard\libc_nano.a(libc_a-mprec.o)
                0x0810b040                __hi0bits
 .text.__lo0bits
                0x0810b07e       0x5a C:/ST/STM32CubeIDE_1.15.0/STM32CubeIDE/plugins/com.st.stm32cube.ide.mcu.externaltools.gnu-tools-for-stm32.14.3.rel1.win32_1.0.100.202602081740/tools/bin/../lib/gcc/arm-none-eabi/14.3.1/../../../../arm-none-eabi/lib/thumb/v7e-m+fp/hard\libc_nano.a(libc_a-mprec.o)
                0x0810b07e                __lo0bits
 .text.__i2b    0x0810b0d8       0x2c C:/ST/STM32CubeIDE_1.15.0/STM32CubeIDE/plugins/com.st.stm32cube.ide.mcu.externaltools.gnu-tools-for-stm32.14.3.rel1.win32_1.0.100.202602081740/tools/bin/../lib/gcc/arm-none-eabi/14.3.1/../../../../arm-none-eabi/lib/thumb/v7e-m+fp/hard\libc_nano.a(libc_a-mprec.o)
                0x0810b0d8                __i2b
 .text.__multiply
                0x0810b104      0x154 C:/ST/STM32CubeIDE_1.15.0/STM32CubeIDE/plugins/com.st.stm32cube.ide.mcu.externaltools.gnu-tools-for-stm32.14.3.rel1.win32_1.0.100.202602081740/tools/bin/../lib/gcc/arm-none-eabi/14.3.1/../../../../arm-none-eabi/lib/thumb/v7e-m+fp/hard\libc_nano.a(libc_a-mprec.o)
                0x0810b104                __multiply
 .text.__pow5mult
                0x0810b258       0xb8 C:/ST/STM32CubeIDE_1.15.0/STM32CubeIDE/plugins/com.st.stm32cube.ide.mcu.externaltools.gnu-tools-for-stm32.14.3.rel1.win32_1.0.100.202602081740/tools/bin/../lib/gcc/arm-none-eabi/14.3.1/../../../../arm-none-eabi/lib/thumb/v7e-m+fp/hard\libc_nano.a(libc_a-mprec.o)
                0x0810b258                __pow5mult
 .text.__lshift
                0x0810b310       0xdc C:/ST/STM32CubeIDE_1.15.0/STM32CubeIDE/plugins/com.st.stm32cube.ide.mcu.externaltools.gnu-tools-for-stm32.14.3.rel1.win32_1.0.100.202602081740/tools/bin/../lib/gcc/arm-none-eabi/14.3.1/../../../../arm-none-eabi/lib/thumb/v7e-m+fp/hard\libc_nano.a(libc_a-mprec.o)
                0x0810b310                __lshift
 .text.__mcmp   0x0810b3ec       0x36 C:/ST/STM32CubeIDE_1.15.0/STM32CubeIDE/plugins/com.st.stm32cube.ide.mcu.externaltools.gnu-tools-for-stm32.14.3.rel1.win32_1.0.100.202602081740/tools/bin/../lib/gcc/arm-none-eabi/14.3.1/../../../../arm-none-eabi/lib/thumb/v7e-m+fp/hard\libc_nano.a(libc_a-mprec.o)
                0x0810b3ec                __mcmp
 *fill*         0x0810b422        0x2 
 .text.__mdiff  0x0810b424      0x130 C:/ST/STM32CubeIDE_1.15.0/STM32CubeIDE/plugins/com.st.stm32cube.ide.mcu.externaltools.gnu-tools-for-stm32.14.3.rel1.win32_1.0.100.202602081740/tools/bin/../lib/gcc/arm-none-eabi/14.3.1/../../../../arm-none-eabi/lib/thumb/v7e-m+fp/hard\libc_nano.a(libc_a-mprec.o)
                0x0810b424                __mdiff
 .text.__d2b    0x0810b554       0xb0 C:/ST/STM32CubeIDE_1.15.0/STM32CubeIDE/plugins/com.st.stm32cube.ide.mcu.externaltools.gnu-tools-for-stm32.14.3.rel1.win32_1.0.100.202602081740/tools/bin/../lib/gcc/arm-none-eabi/14.3.1/../../../../arm-none-eabi/lib/thumb/v7e-m+fp/hard\libc_nano.a(libc_a-mprec.o)
                0x0810b554                __d2b
 .text.__sfputc_r
                0x0810b604       0x2e C:/ST/STM32CubeIDE_1.15.0/STM32CubeIDE/plugins/com.st.stm32cube.ide.mcu.externaltools.gnu-tools-for-stm32.14.3.rel1.win32_1.0.100.202602081740/tools/bin/../lib/gcc/arm-none-eabi/14.3.1/../../../../arm-none-eabi/lib/thumb/v7e-m+fp/hard\libc_nano.a(libc_a-nano-vfprintf.o)
 .text.__sfputs_r
                0x0810b632       0x24 C:/ST/STM32CubeIDE_1.15.0/STM32CubeIDE/plugins/com.st.stm32cube.ide.mcu.externaltools.gnu-tools-for-stm32.14.3.rel1.win32_1.0.100.202602081740/tools/bin/../lib/gcc/arm-none-eabi/14.3.1/../../../../arm-none-eabi/lib/thumb/v7e-m+fp/hard\libc_nano.a(libc_a-nano-vfprintf.o)
                0x0810b632                __sfputs_r
 *fill*         0x0810b656        0x2 
 .text._vfprintf_r
                0x0810b658      0x228 C:/ST/STM32CubeIDE_1.15.0/STM32CubeIDE/plugins/com.st.stm32cube.ide.mcu.externaltools.gnu-tools-for-stm32.14.3.rel1.win32_1.0.100.202602081740/tools/bin/../lib/gcc/arm-none-eabi/14.3.1/../../../../arm-none-eabi/lib/thumb/v7e-m+fp/hard\libc_nano.a(libc_a-nano-vfprintf.o)
                0x0810b658                _vfprintf_r
                0x0810b658                _vfiprintf_r
 .text.__sflush_r
                0x0810b880      0x104 C:/ST/STM32CubeIDE_1.15.0/STM32CubeIDE/plugins/com.st.stm32cube.ide.mcu.externaltools.gnu-tools-for-stm32.14.3.rel1.win32_1.0.100.202602081740/tools/bin/../lib/gcc/arm-none-eabi/14.3.1/../../../../arm-none-eabi/lib/thumb/v7e-m+fp/hard\libc_nano.a(libc_a-fflush.o)
                0x0810b880                __sflush_r
 .text._fflush_r
                0x0810b984       0x50 C:/ST/STM32CubeIDE_1.15.0/STM32CubeIDE/plugins/com.st.stm32cube.ide.mcu.externaltools.gnu-tools-for-stm32.14.3.rel1.win32_1.0.100.202602081740/tools/bin/../lib/gcc/arm-none-eabi/14.3.1/../../../../arm-none-eabi/lib/thumb/v7e-m+fp/hard\libc_nano.a(libc_a-fflush.o)
                0x0810b984                _fflush_r
 .text.__swhatbuf_r
                0x0810b9d4       0x48 C:/ST/STM32CubeIDE_1.15.0/STM32CubeIDE/plugins/com.st.stm32cube.ide.mcu.externaltools.gnu-tools-for-stm32.14.3.rel1.win32_1.0.100.202602081740/tools/bin/../lib/gcc/arm-none-eabi/14.3.1/../../../../arm-none-eabi/lib/thumb/v7e-m+fp/hard\libc_nano.a(libc_a-makebuf.o)
                0x0810b9d4                __swhatbuf_r
 .text.__smakebuf_r
                0x0810ba1c       0x72 C:/ST/STM32CubeIDE_1.15.0/STM32CubeIDE/plugins/com.st.stm32cube.ide.mcu.externaltools.gnu-tools-for-stm32.14.3.rel1.win32_1.0.100.202602081740/tools/bin/../lib/gcc/arm-none-eabi/14.3.1/../../../../arm-none-eabi/lib/thumb/v7e-m+fp/hard\libc_nano.a(libc_a-makebuf.o)
                0x0810ba1c                __smakebuf_r
 *fill*         0x0810ba8e        0x2 
 .text._fstat_r
                0x0810ba90       0x24 C:/ST/STM32CubeIDE_1.15.0/STM32CubeIDE/plugins/com.st.stm32cube.ide.mcu.externaltools.gnu-tools-for-stm32.14.3.rel1.win32_1.0.100.202602081740/tools/bin/../lib/gcc/arm-none-eabi/14.3.1/../../../../arm-none-eabi/lib/thumb/v7e-m+fp/hard\libc_nano.a(libc_a-fstatr.o)
                0x0810ba90                _fstat_r
 .text._isatty_r
                0x0810bab4       0x20 C:/ST/STM32CubeIDE_1.15.0/STM32CubeIDE/plugins/com.st.stm32cube.ide.mcu.externaltools.gnu-tools-for-stm32.14.3.rel1.win32_1.0.100.202602081740/tools/bin/../lib/gcc/arm-none-eabi/14.3.1/../../../../arm-none-eabi/lib/thumb/v7e-m+fp/hard\libc_nano.a(libc_a-isattyr.o)
                0x0810bab4                _isatty_r
 .text.__ascii_mbtowc
                0x0810bad4       0x24 C:/ST/STM32CubeIDE_1.15.0/STM32CubeIDE/plugins/com.st.stm32cube.ide.mcu.externaltools.gnu-tools-for-stm32.14.3.rel1.win32_1.0.100.202602081740/tools/bin/../lib/gcc/arm-none-eabi/14.3.1/../../../../arm-none-eabi/lib/thumb/v7e-m+fp/hard\libc_nano.a(libc_a-mbtowc_r.o)
                0x0810bad4                __ascii_mbtowc
 .text.__ascii_wctomb
                0x0810baf8       0x1a C:/ST/STM32CubeIDE_1.15.0/STM32CubeIDE/plugins/com.st.stm32cube.ide.mcu.externaltools.gnu-tools-for-stm32.14.3.rel1.win32_1.0.100.202602081740/tools/bin/../lib/gcc/arm-none-eabi/14.3.1/../../../../arm-none-eabi/lib/thumb/v7e-m+fp/hard\libc_nano.a(libc_a-wctomb_r.o)
                0x0810baf8                __ascii_wctomb
 *fill*         0x0810bb12        0x2 
 .text.atan2f   0x0810bb14        0x4 C:/ST/STM32CubeIDE_1.15.0/STM32CubeIDE/plugins/com.st.stm32cube.ide.mcu.externaltools.gnu-tools-for-stm32.14.3.rel1.win32_1.0.100.202602081740/tools/bin/../lib/gcc/arm-none-eabi/14.3.1/../../../../arm-none-eabi/lib/thumb/v7e-m+fp/hard\libm.a(libm_a-wf_atan2.o)
                0x0810bb14                atan2f
 .text.log10f   0x0810bb18       0x60 C:/ST/STM32CubeIDE_1.15.0/STM32CubeIDE/plugins/com.st.stm32cube.ide.mcu.externaltools.gnu-tools-for-stm32.14.3.rel1.win32_1.0.100.202602081740/tools/bin/../lib/gcc/arm-none-eabi/14.3.1/../../../../arm-none-eabi/lib/thumb/v7e-m+fp/hard\libm.a(libm_a-wf_log10.o)
                0x0810bb18                log10f
 .text.sqrtf    0x0810bb78       0x44 C:/ST/STM32CubeIDE_1.15.0/STM32CubeIDE/plugins/com.st.stm32cube.ide.mcu.externaltools.gnu-tools-for-stm32.14.3.rel1.win32_1.0.100.202602081740/tools/bin/../lib/gcc/arm-none-eabi/14.3.1/../../../../arm-none-eabi/lib/thumb/v7e-m+fp/hard\libm.a(libm_a-wf_sqrt.o)
                0x0810bb78                sqrtf
 .text.cosf     0x0810bbbc       0x70 C:/ST/STM32CubeIDE_1.15.0/STM32CubeIDE/plugins/com.st.stm32cube.ide.mcu.externaltools.gnu-tools-for-stm32.14.3.rel1.win32_1.0.100.202602081740/tools/bin/../lib/gcc/arm-none-eabi/14.3.1/../../../../arm-none-eabi/lib/thumb/v7e-m+fp/hard\libm.a(libm_a-sf_cos.o)
                0x0810bbbc                cosf
 .text.sinf     0x0810bc2c       0x74 C:/ST/STM32CubeIDE_1.15.0/STM32CubeIDE/plugins/com.st.stm32cube.ide.mcu.externaltools.gnu-tools-for-stm32.14.3.rel1.win32_1.0.100.202602081740/tools/bin/../lib/gcc/arm-none-eabi/14.3.1/../../../../arm-none-eabi/lib/thumb/v7e-m+fp/hard\libm.a(libm_a-sf_sin.o)
                0x0810bc2c                sinf
 .text.nanf     0x0810bca0        0xc C:/ST/STM32CubeIDE_1.15.0/STM32CubeIDE/plugins/com.st.stm32cube.ide.mcu.externaltools.gnu-tools-for-stm32.14.3.rel1.win32_1.0.100.202602081740/tools/bin/../lib/gcc/arm-none-eabi/14.3.1/../../../../arm-none-eabi/lib/thumb/v7e-m+fp/hard\libm.a(libm_a-sf_nan.o)
                0x0810bca0                nanf
 .text.cabsf    0x0810bcac       0x38 C:/ST/STM32CubeIDE_1.15.0/STM32CubeIDE/plugins/com.st.stm32cube.ide.mcu.externaltools.gnu-tools-for-stm32.14.3.rel1.win32_1.0.100.202602081740/tools/bin/../lib/gcc/arm-none-eabi/14.3.1/../../../../arm-none-eabi/lib/thumb/v7e-m+fp/hard\libm.a(libm_a-cabsf.o)
                0x0810bcac                cabsf
 .text.cimagf   0x0810bce4        0x8 C:/ST/STM32CubeIDE_1.15.0/STM32CubeIDE/plugins/com.st.stm32cube.ide.mcu.externaltools.gnu-tools-for-stm32.14.3.rel1.win32_1.0.100.202602081740/tools/bin/../lib/gcc/arm-none-eabi/14.3.1/../../../../arm-none-eabi/lib/thumb/v7e-m+fp/hard\libm.a(libm_a-cimagf.o)
                0x0810bce4                cimagf
 .text.crealf   0x0810bcec        0x4 C:/ST/STM32CubeIDE_1.15.0/STM32CubeIDE/plugins/com.st.stm32cube.ide.mcu.externaltools.gnu-tools-for-stm32.14.3.rel1.win32_1.0.100.202602081740/tools/bin/../lib/gcc/arm-none-eabi/14.3.1/../../../../arm-none-eabi/lib/thumb/v7e-m+fp/hard\libm.a(libm_a-crealf.o)
                0x0810bcec                crealf
 .text.cargf    0x0810bcf0       0x38 C:/ST/STM32CubeIDE_1.15.0/STM32CubeIDE/plugins/com.st.stm32cube.ide.mcu.externaltools.gnu-tools-for-stm32.14.3.rel1.win32_1.0.100.202602081740/tools/bin/../lib/gcc/arm-none-eabi/14.3.1/../../../../arm-none-eabi/lib/thumb/v7e-m+fp/hard\libm.a(libm_a-cargf.o)
                0x0810bcf0                cargf
 .text.__ieee754_sqrtf
                0x0810bd28        0x8 C:/ST/STM32CubeIDE_1.15.0/STM32CubeIDE/plugins/com.st.stm32cube.ide.mcu.externaltools.gnu-tools-for-stm32.14.3.rel1.win32_1.0.100.202602081740/tools/bin/../lib/gcc/arm-none-eabi/14.3.1/../../../../arm-none-eabi/lib/thumb/v7e-m+fp/hard\libm.a(libm_a-ef_sqrt.o)
                0x0810bd28                __ieee754_sqrtf
 .text.floor    0x0810bd30      0x108 C:/ST/STM32CubeIDE_1.15.0/STM32CubeIDE/plugins/com.st.stm32cube.ide.mcu.externaltools.gnu-tools-for-stm32.14.3.rel1.win32_1.0.100.202602081740/tools/bin/../lib/gcc/arm-none-eabi/14.3.1/../../../../arm-none-eabi/lib/thumb/v7e-m+fp/hard\libm.a(libm_a-s_floor.o)
                0x0810bd30                floor
 .text.ceilf    0x0810be38       0x94 C:/ST/STM32CubeIDE_1.15.0/STM32CubeIDE/plugins/com.st.stm32cube.ide.mcu.externaltools.gnu-tools-for-stm32.14.3.rel1.win32_1.0.100.202602081740/tools/bin/../lib/gcc/arm-none-eabi/14.3.1/../../../../arm-none-eabi/lib/thumb/v7e-m+fp/hard\libm.a(libm_a-sf_ceil.o)
                0x0810be38                ceilf
 .text.floorf   0x0810becc       0x94 C:/ST/STM32CubeIDE_1.15.0/STM32CubeIDE/plugins/com.st.stm32cube.ide.mcu.externaltools.gnu-tools-for-stm32.14.3.rel1.win32_1.0.100.202602081740/tools/bin/../lib/gcc/arm-none-eabi/14.3.1/../../../../arm-none-eabi/lib/thumb/v7e-m+fp/hard\libm.a(libm_a-sf_floor.o)
                0x0810becc                floorf
 .text.roundf   0x0810bf60       0x4c C:/ST/STM32CubeIDE_1.15.0/STM32CubeIDE/plugins/com.st.stm32cube.ide.mcu.externaltools.gnu-tools-for-stm32.14.3.rel1.win32_1.0.100.202602081740/tools/bin/../lib/gcc/arm-none-eabi/14.3.1/../../../../arm-none-eabi/lib/thumb/v7e-m+fp/hard\libm.a(libm_a-sf_round.o)
                0x0810bf60                roundf
 .text.__kernel_cosf
                0x0810bfac      0x104 C:/ST/STM32CubeIDE_1.15.0/STM32CubeIDE/plugins/com.st.stm32cube.ide.mcu.externaltools.gnu-tools-for-stm32.14.3.rel1.win32_1.0.100.202602081740/tools/bin/../lib/gcc/arm-none-eabi/14.3.1/../../../../arm-none-eabi/lib/thumb/v7e-m+fp/hard\libm.a(libm_a-kf_cos.o)
                0x0810bfac                __kernel_cosf
 .text.__kernel_sinf
                0x0810c0b0       0x90 C:/ST/STM32CubeIDE_1.15.0/STM32CubeIDE/plugins/com.st.stm32cube.ide.mcu.externaltools.gnu-tools-for-stm32.14.3.rel1.win32_1.0.100.202602081740/tools/bin/../lib/gcc/arm-none-eabi/14.3.1/../../../../arm-none-eabi/lib/thumb/v7e-m+fp/hard\libm.a(libm_a-kf_sin.o)
                0x0810c0b0                __kernel_sinf
 .text.__ieee754_atan2f
                0x0810c140      0x14c C:/ST/STM32CubeIDE_1.15.0/STM32CubeIDE/plugins/com.st.stm32cube.ide.mcu.externaltools.gnu-tools-for-stm32.14.3.rel1.win32_1.0.100.202602081740/tools/bin/../lib/gcc/arm-none-eabi/14.3.1/../../../../arm-none-eabi/lib/thumb/v7e-m+fp/hard\libm.a(libm_a-ef_atan2.o)
                0x0810c140                __ieee754_atan2f
 .text.__ieee754_log10f
                0x0810c28c       0xc4 C:/ST/STM32CubeIDE_1.15.0/STM32CubeIDE/plugins/com.st.stm32cube.ide.mcu.externaltools.gnu-tools-for-stm32.14.3.rel1.win32_1.0.100.202602081740/tools/bin/../lib/gcc/arm-none-eabi/14.3.1/../../../../arm-none-eabi/lib/thumb/v7e-m+fp/hard\libm.a(libm_a-ef_log10.o)
                0x0810c28c                __ieee754_log10f
 .text.__ieee754_rem_pio2f
                0x0810c350      0x26c C:/ST/STM32CubeIDE_1.15.0/STM32CubeIDE/plugins/com.st.stm32cube.ide.mcu.externaltools.gnu-tools-for-stm32.14.3.rel1.win32_1.0.100.202602081740/tools/bin/../lib/gcc/arm-none-eabi/14.3.1/../../../../arm-none-eabi/lib/thumb/v7e-m+fp/hard\libm.a(libm_a-ef_rem_pio2.o)
                0x0810c350                __ieee754_rem_pio2f
 .text.hypotf   0x0810c5bc       0x50 C:/ST/STM32CubeIDE_1.15.0/STM32CubeIDE/plugins/com.st.stm32cube.ide.mcu.externaltools.gnu-tools-for-stm32.14.3.rel1.win32_1.0.100.202602081740/tools/bin/../lib/gcc/arm-none-eabi/14.3.1/../../../../arm-none-eabi/lib/thumb/v7e-m+fp/hard\libm.a(libm_a-wf_hypot.o)
                0x0810c5bc                hypotf
 .text.atanf    0x0810c60c      0x1a4 C:/ST/STM32CubeIDE_1.15.0/STM32CubeIDE/plugins/com.st.stm32cube.ide.mcu.externaltools.gnu-tools-for-stm32.14.3.rel1.win32_1.0.100.202602081740/tools/bin/../lib/gcc/arm-none-eabi/14.3.1/../../../../arm-none-eabi/lib/thumb/v7e-m+fp/hard\libm.a(libm_a-sf_atan.o)
                0x0810c60c                atanf
 .text.fabsf    0x0810c7b0       0x10 C:/ST/STM32CubeIDE_1.15.0/STM32CubeIDE/plugins/com.st.stm32cube.ide.mcu.externaltools.gnu-tools-for-stm32.14.3.rel1.win32_1.0.100.202602081740/tools/bin/../lib/gcc/arm-none-eabi/14.3.1/../../../../arm-none-eabi/lib/thumb/v7e-m+fp/hard\libm.a(libm_a-sf_fabs.o)
                0x0810c7b0                fabsf
 .text.finitef  0x0810c7c0       0x14 C:/ST/STM32CubeIDE_1.15.0/STM32CubeIDE/plugins/com.st.stm32cube.ide.mcu.externaltools.gnu-tools-for-stm32.14.3.rel1.win32_1.0.100.202602081740/tools/bin/../lib/gcc/arm-none-eabi/14.3.1/../../../../arm-none-eabi/lib/thumb/v7e-m+fp/hard\libm.a(libm_a-sf_finite.o)
                0x0810c7c0                finitef
 .text.__kernel_rem_pio2f