../Core/Src/main.c:464:13:MX_GPIO_Init	8	static
../Core/Src/main.c:133:13:push_adc	264	static
../Core/Src/main.c:148:13:build_tx_burst	5416	static
../Core/Src/main.c:138:6:HAL_ADC_ConvHalfCpltCallback	8	static
../Core/Src/main.c:141:6:HAL_ADC_ConvCpltCallback	8	static
../Core/Src/main.c:177:6:loopback_selftest_run	32	static
C:\ST\STM32CubeIDE_1.15.0\STM32CubeIDE\plugins\com.st.stm32cube.ide.mcu.externaltools.gnu-tools-for-stm32.14.3.rel1.win32_1.0.100.202602081740\tools\bin/../lib/gcc/arm-none-eabi/14.3.1/../../../../arm-none-eabi/include/assert.h:41:6:__assert_func	0	static,ignoring_inline_asm
../Core/Src/main.c:243:5:main	16	static
../Core/Src/main.c:487:6:Error_Handler	0	static,ignoring_inline_asm
