../Core/Src/stm32h7xx_hal_msp.c:64:6:HAL_MspInit	8	static
../Core/Src/stm32h7xx_hal_msp.c:86:6:HAL_ADC_MspInit	208	static
../Core/Src/stm32h7xx_hal_msp.c:153:6:HAL_ADC_MspDeInit	8	static
../Core/Src/stm32h7xx_hal_msp.c:178:6:HAL_DAC_MspInit	40	static
../Core/Src/stm32h7xx_hal_msp.c:215:6:HAL_DAC_MspDeInit	8	static
../Core/Src/stm32h7xx_hal_msp.c:252:6:HAL_ETH_MspInit	16	static
../Core/Src/stm32h7xx_hal_msp.c:277:6:HAL_ETH_MspDeInit	0	static
../Core/Src/stm32h7xx_hal_msp.c:301:6:HAL_TIM_Base_MspInit	16	static
../Core/Src/stm32h7xx_hal_msp.c:327:6:HAL_TIM_Base_MspDeInit	0	static
