../Middlewares/mongoose/mongoose.c:27:12:mg_base64_encode_single	0	static
../Middlewares/mongoose/mongoose.c:39:12:mg_base64_decode_single	0	static
../Middlewares/mongoose/mongoose.c:679:22:trimq	8	static
../Middlewares/mongoose/mongoose.c:2307:13:is_digit	0	static
../Middlewares/mongoose/mongoose.c:2311:12:addexp	0	static
../Middlewares/mongoose/mongoose.c:2323:12:xisinf	0	static
../Middlewares/mongoose/mongoose.c:2333:12:xisnan	0	static
../Middlewares/mongoose/mongoose.c:2413:15:mg_lld	24	static
../Middlewares/mongoose/mongoose.c:2435:15:scpy	24	static
../Middlewares/mongoose/mongoose.c:2784:12:mg_scmp	0	static
../Middlewares/mongoose/mongoose.c:2788:20:mg_unlist	0	static
../Middlewares/mongoose/mongoose.c:2791:20:mg_unpack	24	static
../Middlewares/mongoose/mongoose.c:2871:15:packed_write	0	static
../Middlewares/mongoose/mongoose.c:2876:15:packed_seek	0	static
../Middlewares/mongoose/mongoose.c:2883:13:packed_rename	0	static
../Middlewares/mongoose/mongoose.c:2888:13:packed_remove	0	static
../Middlewares/mongoose/mongoose.c:2893:13:packed_mkdir	0	static
../Middlewares/mongoose/mongoose.c:3124:12:p_stat	0	static
../Middlewares/mongoose/mongoose.c:3128:13:p_list	0	static
../Middlewares/mongoose/mongoose.c:3132:14:p_open	0	static
../Middlewares/mongoose/mongoose.c:3136:13:p_close	0	static
../Middlewares/mongoose/mongoose.c:3139:15:p_read	0	static
../Middlewares/mongoose/mongoose.c:3143:15:p_write	0	static
../Middlewares/mongoose/mongoose.c:3147:15:p_seek	0	static
../Middlewares/mongoose/mongoose.c:3151:13:p_rename	0	static
../Middlewares/mongoose/mongoose.c:3155:13:p_remove	0	static
../Middlewares/mongoose/mongoose.c:3159:13:p_mkdir	0	static
../Middlewares/mongoose/mongoose.c:3182:12:mg_ncasecmp	12	static
../Middlewares/mongoose/mongoose.c:3328:13:isx	0	static
../Middlewares/mongoose/mongoose.c:3355:13:isok	0	static
../Middlewares/mongoose/mongoose.c:3379:13:vcb	0	static
../Middlewares/mongoose/mongoose.c:3384:15:clen	16	static
../Middlewares/mongoose/mongoose.c:3396:20:skiptorn	0	static
../Middlewares/mongoose/mongoose.c:3547:20:mg_http_status_code_str	0	static
../Middlewares/mongoose/mongoose.c:4053:13:mg_is_url_safe	0	static
../Middlewares/mongoose/mongoose.c:4260:13:is_hex_digit	0	static
../Middlewares/mongoose/mongoose.c:4414:15:roundup	0	static
../Middlewares/mongoose/mongoose.c:4485:20:escapeseq	0	static
../Middlewares/mongoose/mongoose.c:4489:13:json_esc	16	static
../Middlewares/mongoose/mongoose.c:4497:12:mg_pass_string	24	static
../Middlewares/mongoose/mongoose.c:4511:15:mg_atod	8	static
../Middlewares/mongoose/mongoose.c:6150:13:logc	8	static
../Middlewares/mongoose/mongoose.c:6154:13:logs	16	static
../Middlewares/mongoose/mongoose.c:6183:22:nibble	0	static
../Middlewares/mongoose/mongoose.c:6267:13:mg_md5_transform	88	static
../Middlewares/mongoose/mongoose.c:6725:16:varint_size	0	static
../Middlewares/mongoose/mongoose.c:6734:15:encode_varint	8	static
../Middlewares/mongoose/mongoose.c:6745:15:decode_varint	12	static
../Middlewares/mongoose/mongoose.c:6757:12:mqtt_prop_type_by_id	0	static
../Middlewares/mongoose/mongoose.c:6767:15:get_properties_length	32	static
../Middlewares/mongoose/mongoose.c:6797:15:get_props_size	8	static
../Middlewares/mongoose/mongoose.c:7302:13:mg_aton4	24	static
../Middlewares/mongoose/mongoose.c:12116:23:flash_size	0	static
../Middlewares/mongoose/mongoose.c:12121:21:is_dualbank	0	static
../Middlewares/mongoose/mongoose.c:12131:21:flash_unlock	8	static
../Middlewares/mongoose/mongoose.c:12146:21:flash_page_start	0	static
../Middlewares/mongoose/mongoose.c:12153:21:flash_is_err	0	static
../Middlewares/mongoose/mongoose.c:12157:21:flash_wait	0	static
../Middlewares/mongoose/mongoose.c:12161:21:flash_clear_err	8	static
../Middlewares/mongoose/mongoose.c:12166:21:flash_bank_is_swapped	0	static
../Middlewares/mongoose/mongoose.c:12171:25:flash_bank	8	static
../Middlewares/mongoose/mongoose.c:12466:13:mg_esc	4	static
../Middlewares/mongoose/mongoose.c:12474:13:mg_escape	8	static
../Middlewares/mongoose/mongoose.c:12478:15:qcpy	40	static
../Middlewares/mongoose/mongoose.c:12492:15:bcpy	40	static
../Middlewares/mongoose/mongoose.c:12510:8:mg_print_hex	32	static
../Middlewares/mongoose/mongoose.c:12745:17:blk0	0	static
../Middlewares/mongoose/mongoose.c:12987:13:mg_sha256_chunk	328	static
../Middlewares/mongoose/mongoose.c:13186:13:mg_sha384_transform	792	static
../Middlewares/mongoose/mongoose.c:13491:13:tomgaddr	0	static
../Middlewares/mongoose/mongoose.c:13934:13:can_read	0	static
../Middlewares/mongoose/mongoose.c:13938:13:can_write	0	static
../Middlewares/mongoose/mongoose.c:13942:13:skip_iotest	8	static
../Middlewares/mongoose/mongoose.c:14345:12:mg_tolc	0	static
../Middlewares/mongoose/mongoose.c:14876:6:aes_init_keygen_tables	2072	static
../Middlewares/mongoose/mongoose.c:14948:12:aes_set_encryption_key	12	static
../Middlewares/mongoose/mongoose.c:15109:12:aes_cipher	48	static
../Middlewares/mongoose/mongoose.c:15319:13:gcm_mult	32	static
../Middlewares/mongoose/mongoose.c:15508:5:gcm_update	40	static
../Middlewares/mongoose/mongoose.c:15891:12:mg_der_parse	8	static
../Middlewares/mongoose/mongoose.c:15911:12:mg_der_next	8	static
../Middlewares/mongoose/mongoose.c:15953:12:mg_der_to_tlv	12	static
../Middlewares/mongoose/mongoose.c:15975:13:mg_tls_got_record	0	static
../Middlewares/mongoose/mongoose.c:16609:21:mg_tls_rsa_bits	0	static
../Middlewares/mongoose/mongoose.c:16762:15:mg_rsa_trim_len	0	static
../Middlewares/mongoose/mongoose.c:18538:13:initialize_state	4	static
../Middlewares/mongoose/mongoose.c:18590:13:core_block	88	static
../Middlewares/mongoose/mongoose.c:18638:13:xor_block	12	static
../Middlewares/mongoose/mongoose.c:18665:13:chacha20_xor_stream	152	static
../Middlewares/mongoose/mongoose.c:19143:22:U8TO32	0	static
../Middlewares/mongoose/mongoose.c:19152:13:U32TO8	0	static
../Middlewares/mongoose/mongoose.c:19159:13:poly1305_init	16	static
../Middlewares/mongoose/mongoose.c:19186:13:poly1305_blocks	112	static
../Middlewares/mongoose/mongoose.c:19263:31:poly1305_finish	32	static
../Middlewares/mongoose/mongoose.c:19645:13:poly1305_update	24	static
../Middlewares/mongoose/mongoose.c:19685:32:pad_if_needed	8	static
../Middlewares/mongoose/mongoose.c:19696:32:write_64bit_int	16	static
../Middlewares/mongoose/mongoose.c:20501:17:NOT	0	static
../Middlewares/mongoose/mongoose.c:20502:17:MUX	0	static
../Middlewares/mongoose/mongoose.c:20505:17:EQ	8	static
../Middlewares/mongoose/mongoose.c:20509:17:NEQ	0	static
../Middlewares/mongoose/mongoose.c:20513:17:GT	0	static
../Middlewares/mongoose/mongoose.c:20519:17:BIT_LENGTH	16	static
../Middlewares/mongoose/mongoose.c:20529:13:br_enc32be	0	static
../Middlewares/mongoose/mongoose.c:20536:13:br_ccopy	24	static
../Middlewares/mongoose/mongoose.c:20574:1:br_i31_add	32	static
../Middlewares/mongoose/mongoose.c:20593:1:br_i31_sub	32	static
../Middlewares/mongoose/mongoose.c:20612:1:br_i31_bit_length	24	static
../Middlewares/mongoose/mongoose.c:20629:1:br_i31_decode	16	static
../Middlewares/mongoose/mongoose.c:20711:1:br_i31_ninv31	8	static
../Middlewares/mongoose/mongoose.c:20723:1:br_divrem	48	static
../Middlewares/mongoose/mongoose.c:20564:17:br_rem	16	static
../Middlewares/mongoose/mongoose.c:20569:17:br_div	16	static
../Middlewares/mongoose/mongoose.c:20921:1:br_i31_rshift	12	static
../Middlewares/mongoose/mongoose.c:21017:1:br_i31_mulacc	48	static
../Middlewares/mongoose/mongoose.c:21211:15:rsa_trim	0	static
../Middlewares/mongoose/mongoose.c:21216:12:rsa_i31_len	0	static
../Middlewares/mongoose/mongoose.c:21228:12:rsa_i31_eq	8	static
../Middlewares/mongoose/mongoose.c:21598:22:mg_uecc_vli_clear	0	static
../Middlewares/mongoose/mongoose.c:21609:32:mg_uecc_vli_isZero	4	static
../Middlewares/mongoose/mongoose.c:21620:32:mg_uecc_vli_testBit	0	static
../Middlewares/mongoose/mongoose.c:21627:20:vli_numDigits	0	static
../Middlewares/mongoose/mongoose.c:21639:28:mg_uecc_vli_numBits	8	static
../Middlewares/mongoose/mongoose.c:21660:22:mg_uecc_vli_set	4	static
../Middlewares/mongoose/mongoose.c:21671:20:mg_uecc_vli_cmp_unsafe	4	static
../Middlewares/mongoose/mongoose.c:21687:32:mg_uecc_vli_equal	4	static
../Middlewares/mongoose/mongoose.c:21715:22:mg_uecc_vli_rshift1	0	static
../Middlewares/mongoose/mongoose.c:21731:32:mg_uecc_vli_add	16	static
../Middlewares/mongoose/mongoose.c:21750:32:mg_uecc_vli_sub	16	static
../Middlewares/mongoose/mongoose.c:21704:29:mg_uecc_vli_cmp	64	static
../Middlewares/mongoose/mongoose.c:21770:13:muladd	12	static
../Middlewares/mongoose/mongoose.c:21809:22:mg_uecc_vli_mult	64	static
../Middlewares/mongoose/mongoose.c:21930:22:mg_uecc_vli_modAdd	16	static
../Middlewares/mongoose/mongoose.c:21946:22:mg_uecc_vli_modSub	16	static
../Middlewares/mongoose/mongoose.c:21961:22:mg_uecc_vli_mmod	232	static
../Middlewares/mongoose/mongoose.c:22007:22:mg_uecc_vli_modMult	120	static
../Middlewares/mongoose/mongoose.c:22017:22:mg_uecc_vli_modMult_fast	112	static
../Middlewares/mongoose/mongoose.c:22067:22:mg_uecc_vli_modSquare_fast	8	static
../Middlewares/mongoose/mongoose.c:22076:13:vli_modInv_update	16	static
../Middlewares/mongoose/mongoose.c:22090:22:mg_uecc_vli_modInv	216	static
../Middlewares/mongoose/mongoose.c:22192:13:double_jacobian_default	136	static
../Middlewares/mongoose/mongoose.c:22241:13:x_side_default	88	static
../Middlewares/mongoose/mongoose.c:22259:13:mod_sqrt_default	120	static
../Middlewares/mongoose/mongoose.c:23278:13:vli_mmod_fast_secp256r1	56	static
../Middlewares/mongoose/mongoose.c:23724:13:vli_mmod_fast_secp384r1	8	static
../Middlewares/mongoose/mongoose.c:23743:13:apply_z	72	static
../Middlewares/mongoose/mongoose.c:23754:13:XYcZ_initial_double	80	static
../Middlewares/mongoose/mongoose.c:23779:13:XYcZ_add	96	static
../Middlewares/mongoose/mongoose.c:23807:13:XYcZ_addC	200	static
../Middlewares/mongoose/mongoose.c:23847:13:EccPoint_mult	312	static
../Middlewares/mongoose/mongoose.c:23891:23:regularize_k	24	static
../Middlewares/mongoose/mongoose.c:23906:21:mg_uecc_generate_random_int	24	static
../Middlewares/mongoose/mongoose.c:23932:23:EccPoint_compute_public_key	136	static
../Middlewares/mongoose/mongoose.c:23980:22:mg_uecc_vli_nativeToBytes	4	static
../Middlewares/mongoose/mongoose.c:23990:22:mg_uecc_vli_bytesToNative	16	static
../Middlewares/mongoose/mongoose.c:24124:21:mg_uecc_valid_point	120	static
../Middlewares/mongoose/mongoose.c:24203:13:bits2int	24	static
../Middlewares/mongoose/mongoose.c:24240:12:mg_uecc_sign_with_k_internal	264	static
../Middlewares/mongoose/mongoose.c:24358:13:HMAC_init	16	static
../Middlewares/mongoose/mongoose.c:24369:13:HMAC_update	8	static
../Middlewares/mongoose/mongoose.c:24374:13:HMAC_finish	16	static
../Middlewares/mongoose/mongoose.c:24390:13:update_V	16	static
../Middlewares/mongoose/mongoose.c:24478:19:smax	0	static
../Middlewares/mongoose/mongoose.c:24690:15:umaal	0	static
../Middlewares/mongoose/mongoose.c:24697:15:adc	0	static
../Middlewares/mongoose/mongoose.c:24703:15:adc0	0	static
../Middlewares/mongoose/mongoose.c:24713:13:propagate	24	static
../Middlewares/mongoose/mongoose.c:24725:13:add	32	static
../Middlewares/mongoose/mongoose.c:24734:13:sub	8	static
../Middlewares/mongoose/mongoose.c:24747:13:mul	112	static
../Middlewares/mongoose/mongoose.c:24770:13:sqr	8	static
../Middlewares/mongoose/mongoose.c:24773:13:mul1	8	static
../Middlewares/mongoose/mongoose.c:24776:13:sqr1	8	static
../Middlewares/mongoose/mongoose.c:24780:13:condswap	8	static
../Middlewares/mongoose/mongoose.c:24793:15:canon	24	static
../Middlewares/mongoose/mongoose.c:24824:13:ladder_part1	24	static
../Middlewares/mongoose/mongoose.c:24841:13:ladder_part2	32	static
../Middlewares/mongoose/mongoose.c:25128:12:isbyte	0	static
../Middlewares/mongoose/mongoose.c:25356:17:be32	0	static
../Middlewares/mongoose/mongoose.c:25419:13:mg_ws_mask	0	static
../Middlewares/mongoose/mongoose.c:27665:20:mg_phy_id_to_str	0	static
../Middlewares/mongoose/mongoose.c:1085:29:mg_dash_find_token	16	static
../Middlewares/mongoose/mongoose.c:1075:29:mg_dash_find_user	16	static
../Middlewares/mongoose/mongoose.c:7295:13:mg_atone	8	static
../Middlewares/mongoose/mongoose.c:13473:18:tousa	0	static
../Middlewares/mongoose/mongoose.c:15026:12:aes_set_decryption_key	312	static
../Middlewares/mongoose/mongoose.c:15063:12:aes_setkey	8	static
../Middlewares/mongoose/mongoose.c:15366:12:gcm_setkey	56	static
../Middlewares/mongoose/mongoose.c:15647:6:gcm_zero_ctx	8	static
../Middlewares/mongoose/mongoose.c:20560:13:br_i31_zero	8	static
../Middlewares/mongoose/mongoose.c:21064:1:br_i31_montymul	64	static
../Middlewares/mongoose/mongoose.c:20659:1:br_i31_encode	32	static
../Middlewares/mongoose/mongoose.c:24851:13:x25519_core	64	static
../Middlewares/mongoose/mongoose.c:24945:19:urlparse	40	static
../Middlewares/mongoose/mongoose.c:25361:15:ws_process	24	static
../Middlewares/mongoose/mongoose.c:1100:13:mg_dash_delete_user	8	static
../Middlewares/mongoose/mongoose.c:1113:13:mg_dash_delete_users	16	static
../Middlewares/mongoose/mongoose.c:1473:13:dns_free	8	static
../Middlewares/mongoose/mongoose.c:1478:13:mdns_free	8	static
../Middlewares/mongoose/mongoose.c:2859:13:packed_close	8	static
../Middlewares/mongoose/mongoose.h:824:21:mg_calloc	16	static
../Middlewares/mongoose/mongoose.c:2846:14:packed_open	24	static
../Middlewares/mongoose/mongoose.c:1500:15:mg_dns_parse_name_depth	56	static
../Middlewares/mongoose/mongoose.c:1537:15:mg_dns_parse_name	24	static
../Middlewares/mongoose/mongoose.c:1803:17:build_srv_name	16	static
../Middlewares/mongoose/mongoose.c:1769:17:build_name	16	static
../Middlewares/mongoose/mongoose.c:2863:15:packed_read	16	static
../Middlewares/mongoose/mongoose.c:12782:13:mg_sha1_transform	168	static
../Middlewares/mongoose/mongoose.c:15439:5:gcm_start	56	static
../Middlewares/mongoose/mongoose.c:15572:5:gcm_finish	48	static
../Middlewares/mongoose/mongoose.c:15615:5:gcm_crypt_and_tag	24	static
../Middlewares/mongoose/mongoose.c:18703:13:rfc8439_keygen	144	static
../Middlewares/mongoose/mongoose.c:19710:32:poly1305_calculate_mac	208	static
../Middlewares/mongoose/mongoose.c:2808:12:is_dir_prefix	16	static
../Middlewares/mongoose/mongoose.c:2814:12:packed_stat	24	static
../Middlewares/mongoose/mongoose.c:12527:8:mg_print_esc	16	static
../Middlewares/mongoose/mongoose.c:15921:12:mg_der_find_oid	64	static
../Middlewares/mongoose/mongoose.c:20752:1:br_i31_muladd_small	56	static
../Middlewares/mongoose/mongoose.c:20941:1:br_i31_decode_reduce	40	static
../Middlewares/mongoose/mongoose.c:21164:1:br_i31_to_monty	16	static
../Middlewares/mongoose/mongoose.c:21173:1:br_i31_modpow	56	static
../Middlewares/mongoose/mongoose.c:20882:1:br_i31_reduce	24	static
../Middlewares/mongoose/mongoose.c:12394:6:mg_pfn_stdout	8	static
../Middlewares/mongoose/mongoose.c:12577:13:mg_queue_write_len	0	static
../Middlewares/mongoose/mongoose.c:12569:15:mg_queue_read_len	8	static
../Middlewares/mongoose/mongoose.c:13506:13:setlocaddr	32	static
../Middlewares/mongoose/mongoose.c:13594:13:mg_set_non_blocking_mode	8	static
../Middlewares/mongoose/mongoose.c:13822:13:setsockopts	32	static
../Middlewares/mongoose/mongoose.c:13879:23:raccept	16	static
../Middlewares/mongoose/mongoose.c:25132:12:parse_net	72	static
../Middlewares/mongoose/mongoose.c:57:8:mg_base64_update	16	static
../Middlewares/mongoose/mongoose.c:73:8:mg_base64_final	16	static
../Middlewares/mongoose/mongoose.c:84:8:mg_base64_encode	24	static
../Middlewares/mongoose/mongoose.c:93:8:mg_base64_decode	40	static
../Middlewares/mongoose/mongoose.c:1484:6:mg_resolve_cancel	24	static
../Middlewares/mongoose/mongoose.c:1542:8:mg_dns_parse_rr	32	static
../Middlewares/mongoose/mongoose.c:2175:6:mg_call	16	static
../Middlewares/mongoose/mongoose.c:2547:15:mg_fs_open	24	static
../Middlewares/mongoose/mongoose.c:2560:6:mg_fs_close	8	static
../Middlewares/mongoose/mongoose.c:3636:13:restore_http_cb	8	static
../Middlewares/mongoose/mongoose.c:2567:15:mg_file_read	24	static
../Middlewares/mongoose/mongoose.c:2629:6:mg_fs_ls	16	static
../Middlewares/mongoose/mongoose.c:3194:6:mg_to_size_t	24	static
../Middlewares/mongoose/mongoose.c:3359:5:mg_http_get_request_len	24	static
../Middlewares/mongoose/mongoose.c:3369:16:mg_http_get_header	24	static
../Middlewares/mongoose/mongoose.c:4164:5:mg_http_status	8	static
../Middlewares/mongoose/mongoose.c:4619:5:mg_json_get	120	static
../Middlewares/mongoose/mongoose.c:4768:6:mg_json_get_num	24	static
../Middlewares/mongoose/mongoose.c:4778:6:mg_json_get_bool	16	static
../Middlewares/mongoose/mongoose.c:4830:7:mg_json_get_b64	40	static
../Middlewares/mongoose/mongoose.c:4858:6:mg_json_get_long	24	static
../Middlewares/mongoose/mongoose.c:6145:6:mg_log_set_fn	0	static
../Middlewares/mongoose/mongoose.c:6188:6:mg_hexdump	40	static
../Middlewares/mongoose/mongoose.c:6257:6:mg_md5_init	0	static
../Middlewares/mongoose/mongoose.c:6349:6:mg_md5_update	32	static
../Middlewares/mongoose/mongoose.c:6384:6:mg_md5_final	16	static
../Middlewares/mongoose/mongoose.c:6849:8:mg_mqtt_next_prop	32	static
../Middlewares/mongoose/mongoose.c:7059:5:mg_mqtt_parse	40	static
../Middlewares/mongoose/mongoose.c:7394:23:mg_alloc_conn	8	static
../Middlewares/mongoose/mongoose.c:7483:23:mg_wrapfd	24	static
../Middlewares/mongoose/mongoose.c:7573:6:mg_multicast_restore	4	static
../Middlewares/mongoose/mongoose.c:12370:8:mg_snprintf	16	static
../Middlewares/mongoose/mongoose.c:927:6:mg_dash_dir_read	952	static
../Middlewares/mongoose/mongoose.c:736:12:mg_dash_array_size	16	static
../Middlewares/mongoose/mongoose.c:975:13:mg_dash_set_file_name	32	static
../Middlewares/mongoose/mongoose.c:2344:15:mg_dtoa	96	static
../Middlewares/mongoose/mongoose.c:2451:8:mg_vxprintf	120	static
../Middlewares/mongoose/mongoose.c:2442:8:mg_xprintf	16	static
../Middlewares/mongoose/mongoose.c:724:15:mg_print_field_set	40	static
../Middlewares/mongoose/mongoose.c:702:15:mg_print_field	32	static
../Middlewares/mongoose/mongoose.c:750:15:mg_dash_print_array	48	static
../Middlewares/mongoose/mongoose.c:12399:15:print_ip4	32	static
../Middlewares/mongoose/mongoose.c:12410:8:mg_print_ip4	8	static
../Middlewares/mongoose/mongoose.c:12431:15:print_mac	48	static
../Middlewares/mongoose/mongoose.c:12441:15:print_ieee64	56	static
../Middlewares/mongoose/mongoose.c:12715:15:print_methods	40	static
../Middlewares/mongoose/mongoose.c:6174:6:mg_log	16	static
../Middlewares/mongoose/mongoose.c:12361:8:mg_vsnprintf	32	static
../Middlewares/mongoose/mongoose.c:2584:6:mg_file_write	144	static
../Middlewares/mongoose/mongoose.c:2620:13:mg_fs_ls_fn	8	static
../Middlewares/mongoose/mongoose.c:2825:13:packed_list	240	static
../Middlewares/mongoose/mongoose.c:3644:7:mg_http_etag	24	static
../Middlewares/mongoose/mongoose.c:4058:8:mg_url_encode	48	static
../Middlewares/mongoose/mongoose.c:9924:6:mg_ota_device_id	16	static
../Middlewares/mongoose/mongoose.c:12379:7:mg_vmprintf	24	static
../Middlewares/mongoose/mongoose.c:2603:6:mg_file_printf	24	static
../Middlewares/mongoose/mongoose.c:12385:7:mg_mprintf	16	static
../Middlewares/mongoose/mongoose.c:12436:8:mg_print_mac	8	static
../Middlewares/mongoose/mongoose.c:12446:8:mg_print_ieee64	8	static
../Middlewares/mongoose/mongoose.c:12521:8:mg_print_base64	16	static
../Middlewares/mongoose/mongoose.c:12563:6:mg_queue_init	0	static
../Middlewares/mongoose/mongoose.c:12583:8:mg_queue_book	16	static
../Middlewares/mongoose/mongoose.c:12596:8:mg_queue_next	16	static
../Middlewares/mongoose/mongoose.c:12610:6:mg_queue_add	16	static
../Middlewares/mongoose/mongoose.c:12326:8:mg_queue_printf	36	static
../Middlewares/mongoose/mongoose.c:12617:6:mg_queue_del	8	static
../Middlewares/mongoose/mongoose.c:12640:6:mg_rpc_del	16	static
../Middlewares/mongoose/mongoose.c:12678:6:mg_rpc_vok	56	static
../Middlewares/mongoose/mongoose.c:12688:6:mg_rpc_ok	12	static
../Middlewares/mongoose/mongoose.c:12695:6:mg_rpc_verr	72	static
../Middlewares/mongoose/mongoose.c:12708:6:mg_rpc_err	16	static
../Middlewares/mongoose/mongoose.c:12726:6:mg_rpc_list	8	static
../Middlewares/mongoose/mongoose.c:12889:6:mg_sha1_init	0	static
../Middlewares/mongoose/mongoose.c:12898:6:mg_sha1_update	24	static
../Middlewares/mongoose/mongoose.c:12918:6:mg_sha1_final	32	static
../Middlewares/mongoose/mongoose.c:12974:6:mg_sha256_init	0	static
../Middlewares/mongoose/mongoose.c:16569:13:init_SHA256	8	static
../Middlewares/mongoose/mongoose.c:13031:6:mg_sha256_update	24	static
../Middlewares/mongoose/mongoose.c:16574:13:update_SHA256	8	static
../Middlewares/mongoose/mongoose.c:13045:6:mg_sha256_final	16	static
../Middlewares/mongoose/mongoose.c:16330:13:mg_tls_calc_cert_verify_hash	312	static
../Middlewares/mongoose/mongoose.c:16579:13:finish_SHA256	8	static
../Middlewares/mongoose/mongoose.c:16585:13:mg_tls_mgf1	192	static
../Middlewares/mongoose/mongoose.c:13084:6:mg_sha256	136	static
../Middlewares/mongoose/mongoose.c:13091:6:mg_hmac_sha256	328	static
../Middlewares/mongoose/mongoose.c:16009:13:mg_tls_derive_secret	336	static
../Middlewares/mongoose/mongoose.c:13231:6:mg_sha384_init	0	static
../Middlewares/mongoose/mongoose.c:13256:6:mg_sha384_update	24	static
../Middlewares/mongoose/mongoose.c:13270:6:mg_sha384_final	16	static
../Middlewares/mongoose/mongoose.c:13315:6:mg_sha384	240	static
../Middlewares/mongoose/mongoose.c:14159:6:mg_wakeup	24	dynamic
../Middlewares/mongoose/mongoose.c:14333:15:mg_str_s	8	static
../Middlewares/mongoose/mongoose.c:14339:15:mg_str_n	0	static
../Middlewares/mongoose/mongoose.c:2802:15:mg_unpacked	16	static
../Middlewares/mongoose/mongoose.c:4097:22:stripquotes	16	static
../Middlewares/mongoose/mongoose.c:4103:15:mg_http_get_header_var	40	static
../Middlewares/mongoose/mongoose.c:3228:8:mg_http_next_multipart	104	static
../Middlewares/mongoose/mongoose.c:4571:8:mg_json_next	64	static
../Middlewares/mongoose/mongoose.c:4762:15:mg_json_get_tok	24	static
../Middlewares/mongoose/mongoose.c:7323:13:mg_v4mapped	32	static
../Middlewares/mongoose/mongoose.c:14114:13:wufn	32	static
../Middlewares/mongoose/mongoose.c:14349:5:mg_casecmp	24	static
../Middlewares/mongoose/mongoose.c:14358:15:mg_strdup	32	static
../Middlewares/mongoose/mongoose.c:12629:6:mg_rpc_add	40	static
../Middlewares/mongoose/mongoose.c:14372:5:mg_strcmp	16	static
../Middlewares/mongoose/mongoose.c:684:29:mg_dash_find_field_set	32	static
../Middlewares/mongoose/mongoose.c:14386:5:mg_strcasecmp	32	static
../Middlewares/mongoose/mongoose.c:3405:13:mg_http_parse_headers	112	static
../Middlewares/mongoose/mongoose.c:3441:5:mg_http_parse	48	static
../Middlewares/mongoose/mongoose.c:14400:6:mg_match	32	static
../Middlewares/mongoose/mongoose.c:12653:13:mg_rpc_call	32	static
../Middlewares/mongoose/mongoose.c:12664:6:mg_rpc_process	48	static
../Middlewares/mongoose/mongoose.c:18089:12:mg_parse_pem	112	static
../Middlewares/mongoose/mongoose.c:18122:12:mg_parse_pem_certs	80	static
../Middlewares/mongoose/mongoose.c:14436:6:mg_span	48	static
../Middlewares/mongoose/mongoose.c:3294:15:mg_http_var	48	static
../Middlewares/mongoose/mongoose.c:3709:22:guess_content_type	72	static
../Middlewares/mongoose/mongoose.c:3733:12:getrange	48	static
../Middlewares/mongoose/mongoose.c:14449:6:mg_str_to_num	56	static
../Middlewares/mongoose/mongoose.c:780:15:mg_dash_print_endpoint	64	static
../Middlewares/mongoose/mongoose.c:3333:5:mg_url_decode	64	static
../Middlewares/mongoose/mongoose.c:3306:5:mg_http_get_var	40	static
../Middlewares/mongoose/mongoose.c:4075:6:mg_http_creds	304	static
../Middlewares/mongoose/mongoose.c:4265:12:skip_chunk	56	static
../Middlewares/mongoose/mongoose.c:4787:8:mg_json_unescape	64	static
../Middlewares/mongoose/mongoose.c:863:12:mg_dash_parse_field	176	static
../Middlewares/mongoose/mongoose.c:4817:7:mg_json_get_str	40	static
../Middlewares/mongoose/mongoose.c:4842:7:mg_json_get_hex	64	static
../Middlewares/mongoose/mongoose.c:7341:13:mg_aton6	72	static
../Middlewares/mongoose/mongoose.c:14525:6:mg_timer_init	0	static
../Middlewares/mongoose/mongoose.c:7497:18:mg_timer_add	40	static
../Middlewares/mongoose/mongoose.c:14532:6:mg_timer_free	0	static
../Middlewares/mongoose/mongoose.c:14538:6:mg_timer_expired	24	static
../Middlewares/mongoose/mongoose.c:14546:6:mg_timer_poll	40	static
../Middlewares/mongoose/mongoose.c:15305:5:mg_gcm_initialize	8	static
../Middlewares/mongoose/mongoose.c:15659:5:mg_aes_gcm_encrypt	672	static
../Middlewares/mongoose/mongoose.c:15678:5:mg_aes_gcm_decrypt	696	static
../Middlewares/mongoose/mongoose.c:18408:8:mg_tls_pending	0	static
../Middlewares/mongoose/mongoose.c:18422:6:mg_tls_ctx_init	0	static
../Middlewares/mongoose/mongoose.c:18426:6:mg_tls_ctx_free	0	static
../Middlewares/mongoose/mongoose.c:19749:27:mg_chacha20_poly1305_encrypt	48	static
../Middlewares/mongoose/mongoose.c:19764:27:mg_chacha20_poly1305_decrypt	56	static
../Middlewares/mongoose/mongoose.c:21581:6:mg_uecc_set_rng	0	static
../Middlewares/mongoose/mongoose.c:21585:22:mg_uecc_get_rng	0	static
../Middlewares/mongoose/mongoose.c:21589:5:mg_uecc_curve_private_key_size	0	static
../Middlewares/mongoose/mongoose.c:21593:5:mg_uecc_curve_public_key_size	0	static
../Middlewares/mongoose/mongoose.c:23024:15:mg_uecc_secp256r1	0	static
../Middlewares/mongoose/mongoose.c:23719:15:mg_uecc_secp384r1	0	static
../Middlewares/mongoose/mongoose.c:24006:5:mg_uecc_make_key	168	static
../Middlewares/mongoose/mongoose.c:24037:5:mg_uecc_shared_secret	240	static
../Middlewares/mongoose/mongoose.c:24084:6:mg_uecc_compress	4	static
../Middlewares/mongoose/mongoose.c:24097:6:mg_uecc_decompress	128	static
../Middlewares/mongoose/mongoose.c:24148:5:mg_uecc_valid_public_key	112	static
../Middlewares/mongoose/mongoose.c:24163:5:mg_uecc_compute_public_key	160	static
../Middlewares/mongoose/mongoose.c:24337:5:mg_uecc_sign	88	static
../Middlewares/mongoose/mongoose.c:24405:5:mg_uecc_sign_deterministic	104	static
../Middlewares/mongoose/mongoose.c:24482:5:mg_uecc_verify	752	static
../Middlewares/mongoose/mongoose.c:24885:5:mg_tls_x25519	224	static
../Middlewares/mongoose/mongoose.c:24939:6:mg_url_is_ssl	8	static
../Middlewares/mongoose/mongoose.c:24973:15:mg_url_host	48	static
../Middlewares/mongoose/mongoose.c:24982:13:mg_url_uri	40	static
../Middlewares/mongoose/mongoose.c:24987:16:mg_url_port	48	static
../Middlewares/mongoose/mongoose.c:24999:15:mg_url_user	56	static
../Middlewares/mongoose/mongoose.c:25009:15:mg_url_pass	56	static
../Middlewares/mongoose/mongoose.c:25027:6:mg_bzero	0	static
../Middlewares/mongoose/mongoose.c:4464:8:mg_iobuf_del	16	static
../Middlewares/mongoose/mongoose.c:7507:6:mg_io_recv	16	static
../Middlewares/mongoose/mongoose.c:15982:13:mg_tls_drop_record	8	static
../Middlewares/mongoose/mongoose.c:21223:12:rsa_fail	8	static
../Middlewares/mongoose/mongoose.c:21235:5:mg_rsa_mod_pow	2224	static
../Middlewares/mongoose/mongoose.c:21263:5:mg_rsa_crt_sign	2864	static
../Middlewares/mongoose/mongoose.c:25113:10:mg_crc32	4	static
../Middlewares/mongoose/mongoose.c:25164:6:mg_path_is_sane	8	static
../Middlewares/mongoose/mongoose.c:4219:6:mg_http_start_upload	152	static
../Middlewares/mongoose/mongoose.c:25179:10:mg_millis	8	static
../Middlewares/mongoose/mongoose.c:1048:17:mg_dash_make_expiration_time	8	static
../Middlewares/mongoose/mongoose.c:1095:13:mg_dash_refresh_user	8	static
../Middlewares/mongoose/mongoose.c:6162:6:mg_log_prefix	96	static
../Middlewares/mongoose/mongoose.c:989:20:mg_log_http_req	640	static
../Middlewares/mongoose/mongoose.c:2192:6:mg_error	84	static
../Middlewares/mongoose/mongoose.c:7266:8:mg_vprintf	16	static
../Middlewares/mongoose/mongoose.c:7278:8:mg_printf	12	static
../Middlewares/mongoose/mongoose.c:3617:6:mg_http_reply	36	static
../Middlewares/mongoose/mongoose.c:1021:13:mg_dash_ota_cb	8	static
../Middlewares/mongoose/mongoose.c:1183:13:mg_handle_login	312	static
../Middlewares/mongoose/mongoose.c:1195:13:mg_handle_logout	272	static
../Middlewares/mongoose/mongoose.c:10017:13:status_fn_2	24	static
../Middlewares/mongoose/mongoose.c:14320:6:mg_http_serve_ssi	8	static
../Middlewares/mongoose/mongoose.c:3749:6:mg_http_serve_file	432	static
../Middlewares/mongoose/mongoose.c:13517:6:mg_getlocaddr	40	static
../Middlewares/mongoose/mongoose.c:15990:13:mg_tls_drop_message	16	static
../Middlewares/mongoose/mongoose.c:25438:13:mg_ws_client_handshake	560	static
../Middlewares/mongoose/mongoose.c:2221:6:mg_ota_flash_begin	16	static
../Middlewares/mongoose/mongoose.c:2241:6:mg_ota_flash_write	56	dynamic
../Middlewares/mongoose/mongoose.c:12302:6:mg_ota_write	8	static
../Middlewares/mongoose/mongoose.c:2262:6:mg_ota_flash_end	32	static
../Middlewares/mongoose/mongoose.c:12306:6:mg_ota_end	8	static
../Middlewares/mongoose/mongoose.c:4175:13:mg_upload_handler	24	static
../Middlewares/mongoose/mongoose.c:4281:13:http_cb	624	static
../Middlewares/mongoose/mongoose.c:3958:12:uri_to_path2	56	static
../Middlewares/mongoose/mongoose.c:4018:12:uri_to_path	120	static
../Middlewares/mongoose/mongoose.c:4033:6:mg_http_serve_dir	160	static
../Middlewares/mongoose/mongoose.c:4120:6:mg_http_upload	280	static
../Middlewares/mongoose/mongoose.c:4214:13:mg_upload_default_cb	24	static
../Middlewares/mongoose/mongoose.c:4418:6:mg_iobuf_resize	32	static
../Middlewares/mongoose/mongoose.c:3649:13:static_cb	16	static
../Middlewares/mongoose/mongoose.c:4445:6:mg_iobuf_init	8	static
../Middlewares/mongoose/mongoose.c:4452:8:mg_iobuf_add	24	static
../Middlewares/mongoose/mongoose.c:4473:6:mg_iobuf_free	8	static
../Middlewares/mongoose/mongoose.c:18335:6:mg_tls_free	16	static
../Middlewares/mongoose/mongoose.c:12342:13:mg_pfn_iobuf_private	16	static
../Middlewares/mongoose/mongoose.c:12353:6:mg_pfn_iobuf_noresize	8	static
../Middlewares/mongoose/mongoose.c:12357:6:mg_pfn_iobuf	8	static
../Middlewares/mongoose/mongoose.c:13730:13:ioalloc	16	static
../Middlewares/mongoose/mongoose.c:3268:6:mg_http_bauth	40	static
../Middlewares/mongoose/mongoose.c:7406:6:mg_close_conn	8	static
../Middlewares/mongoose/mongoose.c:13793:13:close_conn	8	static
../Middlewares/mongoose/mongoose.c:7535:6:mg_mgr_init	8	static
../Middlewares/mongoose/mongoose.c:10013:13:status_fn	8	static
../Middlewares/mongoose/mongoose.c:12285:6:mg_ota_begin	16	static
../Middlewares/mongoose/mongoose.c:4244:6:mg_http_start_ota	16	static
../Middlewares/mongoose/mongoose.c:12178:21:mg_stm32h7_erase	32	static
../Middlewares/mongoose/mongoose.c:12237:21:mg_stm32h7_write	40	static,ignoring_inline_asm
../Middlewares/mongoose/mongoose.c:12272:21:single_bank_swap	48	static
../Middlewares/mongoose/mongoose.c:12210:21:mg_stm32h7_swap	24	static
../Middlewares/mongoose/mongoose.c:13563:6:mg_io_send	48	static
../Middlewares/mongoose/mongoose.c:18413:6:mg_tls_flush	16	static
../Middlewares/mongoose/mongoose.c:13538:13:iolog	48	static
../Middlewares/mongoose/mongoose.c:13580:6:mg_send	40	static
../Middlewares/mongoose/mongoose.c:3520:13:mg_http_vprintf_chunk	24	static
../Middlewares/mongoose/mongoose.c:3533:6:mg_http_printf_chunk	12	static
../Middlewares/mongoose/mongoose.c:3540:6:mg_http_write_chunk	16	static
../Middlewares/mongoose/mongoose.c:6426:13:mg_modbus_send_mbap	16	static
../Middlewares/mongoose/mongoose.c:6436:13:mg_modbus_send_response	40	static
../Middlewares/mongoose/mongoose.c:6699:13:mqtt_send_header	16	static
../Middlewares/mongoose/mongoose.c:6712:6:mg_mqtt_send_header	8	static
../Middlewares/mongoose/mongoose.c:7208:6:mg_mqtt_ping	8	static
../Middlewares/mongoose/mongoose.c:7212:6:mg_mqtt_pong	8	static
../Middlewares/mongoose/mongoose.c:6721:13:mg_send_u32	16	static
../Middlewares/mongoose/mongoose.c:6717:13:mg_send_u16	16	static
../Middlewares/mongoose/mongoose.c:25330:13:ws_handshake	168	static
../Middlewares/mongoose/mongoose.c:6513:13:handle_pdu	40	static
../Middlewares/mongoose/mongoose.c:6622:13:modbus_ev_handler	16	static
../Middlewares/mongoose/mongoose.c:13628:6:mg_multicast_add	8	static
../Middlewares/mongoose/mongoose.c:13839:6:mg_connect_resolved	48	static
../Middlewares/mongoose/mongoose.c:13947:13:mg_iotest	96	static
../Middlewares/mongoose/mongoose.c:13889:13:accept_conn	64	static
../Middlewares/mongoose/mongoose.c:13713:13:recv_raw	56	static
../Middlewares/mongoose/mongoose.c:16208:13:verbose_alert	16	static
../Middlewares/mongoose/mongoose.c:15880:13:mg_tls_hexdump	24	static
../Middlewares/mongoose/mongoose.c:16027:13:mg_tls_generate_handshake_keys	344	static
../Middlewares/mongoose/mongoose.c:16093:13:mg_tls_generate_application_keys	336	static
../Middlewares/mongoose/mongoose.c:17000:12:mg_tls_client_recv_hello	16	static
../Middlewares/mongoose/mongoose.c:16226:12:mg_tls_recv_record	88	static
../Middlewares/mongoose/mongoose.c:17063:12:mg_tls_client_recv_ext	16	static
../Middlewares/mongoose/mongoose.c:17637:12:mg_tls_client_recv_finish	16	static
../Middlewares/mongoose/mongoose.c:16872:12:mg_tls_server_recv_finish	128	static
../Middlewares/mongoose/mongoose.c:18384:6:mg_tls_recv	24	static
../Middlewares/mongoose/mongoose.c:17089:13:mg_der_debug_cert_name	96	static
../Middlewares/mongoose/mongoose.c:17106:12:mg_tls_parse_cert_der	184	static
../Middlewares/mongoose/mongoose.c:17249:12:mg_tls_verify_cert_san	88	static
../Middlewares/mongoose/mongoose.c:17352:12:mg_tls_verify_cert_cn	56	static
../Middlewares/mongoose/mongoose.c:17362:12:tls_bundle_find	64	static
../Middlewares/mongoose/mongoose.c:17287:12:mg_tls_verify_cert_signature	592	static
../Middlewares/mongoose/mongoose.c:17383:12:mg_tls_recv_cert	984	static
../Middlewares/mongoose/mongoose.c:17525:12:mg_tls_recv_cert_verify	592	static
../Middlewares/mongoose/mongoose.c:16144:13:mg_tls_encrypt	96	static
../Middlewares/mongoose/mongoose.c:16510:13:mg_tls_send_cert	40	static
../Middlewares/mongoose/mongoose.c:17652:13:mg_tls_client_send_finish	224	static
../Middlewares/mongoose/mongoose.c:16480:13:mg_tls_server_send_ext	24	static
../Middlewares/mongoose/mongoose.c:16493:13:mg_tls_server_send_cert_request	48	static
../Middlewares/mongoose/mongoose.c:16858:13:mg_tls_server_send_finish	224	static
../Middlewares/mongoose/mongoose.c:16693:13:mg_tls_rsa_sign	584	static
../Middlewares/mongoose/mongoose.c:16354:12:mg_tls_server_recv_hello	32	static
../Middlewares/mongoose/mongoose.c:17783:12:mg_rsa_parse_der_int	24	static
../Middlewares/mongoose/mongoose.c:17893:12:mg_rsa_parse_key	128	static
../Middlewares/mongoose/mongoose.c:17851:12:mg_parse_ec_private_key	48	static
../Middlewares/mongoose/mongoose.c:18023:12:mg_parse_pkcs8_key	152	static
../Middlewares/mongoose/mongoose.c:18186:6:mg_tls_init	152	static
../Middlewares/mongoose/mongoose.c:18361:6:mg_tls_send	40	static
../Middlewares/mongoose/mongoose.c:13782:13:write_conn	48	static
../Middlewares/mongoose/mongoose.c:25035:6:mg_random	16	static
../Middlewares/mongoose/mongoose.c:16894:13:mg_tls_client_send_hello	280	static
../Middlewares/mongoose/mongoose.c:16427:13:mg_tls_server_send_hello	216	static
../Middlewares/mongoose/mongoose.c:25100:7:mg_random_str	16	static
../Middlewares/mongoose/mongoose.c:1054:29:mg_dash_add_user	24	static
../Middlewares/mongoose/mongoose.c:16625:13:mg_tls_pss_encode	1456	static
../Middlewares/mongoose/mongoose.c:16767:13:mg_tls_send_cert_verify	1280	static
../Middlewares/mongoose/mongoose.c:17663:13:mg_tls_client_handshake	216	static
../Middlewares/mongoose/mongoose.c:17713:13:mg_tls_server_handshake	224	static
../Middlewares/mongoose/mongoose.c:17761:6:mg_tls_handshake	16	static
../Middlewares/mongoose/mongoose.c:13806:13:connect_conn	32	static
../Middlewares/mongoose/mongoose.c:13745:13:read_conn	48	static
../Middlewares/mongoose/mongoose.c:1122:29:mg_dash_authenticate	256	static
../Middlewares/mongoose/mongoose.c:10024:13:s_firmware_fn	40	static
../Middlewares/mongoose/mongoose.c:10077:6:mg_ota_poll	16	static
../Middlewares/mongoose/mongoose.c:13336:10:mg_now	8	static
../Middlewares/mongoose/mongoose.c:14171:6:mg_mgr_poll	104	static
../Middlewares/mongoose/mongoose.c:7515:6:mg_mgr_free	16	static
../Middlewares/mongoose/mongoose.c:25228:10:mg_ntohs	0	static
../Middlewares/mongoose/mongoose.c:1566:6:mg_dns_parse	56	static
../Middlewares/mongoose/mongoose.c:1620:13:dns_cb	320	static
../Middlewares/mongoose/mongoose.c:1675:13:mg_dns_send	296	static
../Middlewares/mongoose/mongoose.c:2128:13:mdns_query	16	static
../Middlewares/mongoose/mongoose.c:2142:13:sendmdnsreq	32	static
../Middlewares/mongoose/mongoose.c:2135:6:mg_mdns_query	24	static
../Middlewares/mongoose/mongoose.c:1824:17:build_ptr_record	24	static
../Middlewares/mongoose/mongoose.c:1860:17:build_txt_record	16	static
../Middlewares/mongoose/mongoose.c:1839:17:build_srv_record	24	static
../Middlewares/mongoose/mongoose.c:2021:13:handle_mdns_response	344	static
../Middlewares/mongoose/mongoose.c:7129:13:mqtt_cb	80	static
../Middlewares/mongoose/mongoose.c:12403:15:print_ip6	80	static
../Middlewares/mongoose/mongoose.c:12415:8:mg_print_ip6	8	static
../Middlewares/mongoose/mongoose.c:12420:8:mg_print_ip	8	static
../Middlewares/mongoose/mongoose.c:12426:8:mg_print_ip_port	24	static
../Middlewares/mongoose/mongoose.c:25232:10:mg_ntohl	0	static
../Middlewares/mongoose/mongoose.c:1781:17:build_a_record	64	static
../Middlewares/mongoose/mongoose.c:1874:13:handle_mdns_query	648	static
../Middlewares/mongoose/mongoose.c:2060:13:handle_mdns_record	16	static
../Middlewares/mongoose/mongoose.c:2072:13:mdns_cb	32	static
../Middlewares/mongoose/mongoose.c:6803:13:mg_send_mqtt_properties	40	static
../Middlewares/mongoose/mongoose.c:6917:6:mg_mqtt_login	64	static
../Middlewares/mongoose/mongoose.c:6991:10:mg_mqtt_pub	56	static
../Middlewares/mongoose/mongoose.c:7028:13:mg_mqtt_sub_unsub	24	static
../Middlewares/mongoose/mongoose.c:7051:6:mg_mqtt_sub	8	static
../Middlewares/mongoose/mongoose.c:7055:6:mg_mqtt_unsub	8	static
../Middlewares/mongoose/mongoose.c:7216:6:mg_mqtt_disconnect	24	static
../Middlewares/mongoose/mongoose.c:7287:13:mg_atonl	40	static
../Middlewares/mongoose/mongoose.c:7388:6:mg_aton	16	static
../Middlewares/mongoose/mongoose.c:1743:6:mg_resolve	32	static
../Middlewares/mongoose/mongoose.c:7426:23:mg_connect_svc	24	static
../Middlewares/mongoose/mongoose.c:4394:23:mg_http_connect	16	static
../Middlewares/mongoose/mongoose.c:10053:6:mg_ota_url_check	16	static
../Middlewares/mongoose/mongoose.c:9952:13:s_version_fn	240	static
../Middlewares/mongoose/mongoose.c:7233:23:mg_mqtt_connect	88	static
../Middlewares/mongoose/mongoose.c:7455:23:mg_connect	16	static
../Middlewares/mongoose/mongoose.c:1703:6:mg_dnsc_init	8	static
../Middlewares/mongoose/mongoose.c:1716:13:sendnsreq	48	static
../Middlewares/mongoose/mongoose.c:13408:23:mg_sntp_connect	16	static
../Middlewares/mongoose/mongoose.c:13651:6:mg_open_listener	56	static
../Middlewares/mongoose/mongoose.c:7460:23:mg_listen	24	static
../Middlewares/mongoose/mongoose.c:2117:23:mg_mdns_listen	16	static
../Middlewares/mongoose/mongoose.c:4399:23:mg_http_listen	8	static
../Middlewares/mongoose/mongoose.c:6641:23:mg_modbus_listen	8	static
../Middlewares/mongoose/mongoose.c:7246:23:mg_mqtt_listen	8	static
../Middlewares/mongoose/mongoose.c:13340:16:gettimestamp	16	static
../Middlewares/mongoose/mongoose.c:13346:9:mg_sntp_parse	32	static
../Middlewares/mongoose/mongoose.c:13393:6:mg_sntp_request	80	static
../Middlewares/mongoose/mongoose.c:13371:13:sntp_cb	24	static
../Middlewares/mongoose/mongoose.c:14085:13:mg_socketpair	24	static
../Middlewares/mongoose/mongoose.c:14137:6:mg_wakeup_init	56	static
../Middlewares/mongoose/mongoose.c:25146:5:mg_check_ip_acl	48	static
../Middlewares/mongoose/mongoose.c:25391:15:mkhdr	16	static
../Middlewares/mongoose/mongoose.c:25236:10:mg_ntohll	0	static
../Middlewares/mongoose/mongoose.c:25240:6:mg_delayms	16	static
../Middlewares/mongoose/mongoose.c:25268:6:mg_wifi_scan	8	static
../Middlewares/mongoose/mongoose.c:25273:6:mg_wifi_connect	8	static
../Middlewares/mongoose/mongoose.c:25278:6:mg_wifi_disconnect	8	static
../Middlewares/mongoose/mongoose.c:25282:6:mg_wifi_ap_start	8	static
../Middlewares/mongoose/mongoose.c:25287:6:mg_wifi_ap_stop	8	static
../Middlewares/mongoose/mongoose.c:25427:8:mg_ws_send	40	static
../Middlewares/mongoose/mongoose.c:25461:13:mg_ws_cb	64	static
../Middlewares/mongoose/mongoose.c:25534:23:mg_ws_connect	104	static
../Middlewares/mongoose/mongoose.c:25564:6:mg_ws_upgrade	32	static
../Middlewares/mongoose/mongoose.c:25584:8:mg_ws_wrap	40	static
../Middlewares/mongoose/mongoose.c:25313:8:mg_ws_vprintf	24	static
../Middlewares/mongoose/mongoose.c:25321:8:mg_ws_printf	16	static
../Middlewares/mongoose/mongoose.c:827:6:mg_dash_send_change	144	static
../Middlewares/mongoose/mongoose.c:1026:13:mg_dash_upload_cb	24	static
../Middlewares/mongoose/mongoose.c:1205:13:mg_dash_handle_del	40	static
../Middlewares/mongoose/mongoose.c:1265:13:mg_dash_handle_add	24	static
../Middlewares/mongoose/mongoose.c:1235:13:mg_dash_handle_mod	48	static
../Middlewares/mongoose/mongoose.c:899:12:mg_dash_apply	80	static
../Middlewares/mongoose/mongoose.c:1287:6:mg_dash_ev_handler	1072	static
../Middlewares/mongoose/mongoose.c:27698:6:mg_phy_init	32	static
../Middlewares/mongoose/mongoose.c:27751:6:mg_phy_up	32	static
